
> fintech@1.0.0 test
> vitest

(!) Your Vite config uses features that are unsupported by `configLoader: 'native'`, which is planned to become the default in a future major version of Vite:
  - ESM syntax in a file loaded as CommonJS (vitest.config.ts:1:1). Use a `.mjs` extension or set `"type": "module"` in the closest package.json
Set `VITE_CONFIG_NATIVE_IGNORE_WARNING=true` to suppress this warning.

 RUN  v4.1.11 /mnt/d/Dev/learning 2026/fintech/fintech-backend

{"level":"info","time":"2026-10-05T05:21:22.084Z","pid":25870,"hostname":"anonymous","withdrawalId":"wth_123","msg":"Withdrawal execution started"}
{"level":"info","time":"2026-10-05T05:21:22.085Z","pid":25870,"hostname":"anonymous","withdrawalId":"wth_123","msg":"Withdrawal already processed"}
{"level":"info","time":"2026-10-05T05:21:22.086Z","pid":25870,"hostname":"anonymous","withdrawalId":"wth_demo","msg":"Withdrawal execution started"}
{"level":"info","time":"2026-10-05T05:21:23.968Z","pid":25884,"hostname":"anonymous","senderUserId":"user-sender","receiverWalletId":"wallet-receiver","amount":100000,"msg":"Transfer started"}
{"level":"info","time":"2026-10-05T05:21:23.971Z","pid":25884,"hostname":"anonymous","referenceNumber":"TRANSFER2026100587655604","msg":"Reference number generated"}
{"level":"info","time":"2026-10-05T05:21:23.971Z","pid":25884,"hostname":"anonymous","senderWalletId":"wallet-sender","receiverWalletId":"wallet-receiver","msg":"Wallet validation completed"}
{"level":"info","time":"2026-10-05T05:21:23.972Z","pid":25884,"hostname":"anonymous","msg":"Transfer validation completed"}
{"level":"info","time":"2026-10-05T05:21:23.973Z","pid":25884,"hostname":"anonymous","transactionId":"txn-1","referenceNumber":"TRANSFER2026100587655604","senderWalletId":"wallet-sender","receiverWalletId":"wallet-receiver","amount":"100000","msg":"Transfer completed"}
{"level":"info","time":"2026-10-05T05:21:24.004Z","pid":25884,"hostname":"anonymous","senderWalletId":"wallet-sender","receiverWalletId":"wallet-receiver","msg":"Wallet cache invalidated"}
{"level":"info","time":"2026-10-05T05:21:24.006Z","pid":25884,"hostname":"anonymous","senderUserId":"user-sender","receiverWalletId":"wallet-receiver","amount":100000,"msg":"Transfer started"}
{"level":"info","time":"2026-10-05T05:21:24.006Z","pid":25884,"hostname":"anonymous","referenceNumber":"TRANSFER20261005EDBA0F5E","msg":"Reference number generated"}
{"level":"info","time":"2026-10-05T05:21:24.006Z","pid":25884,"hostname":"anonymous","senderWalletId":"wallet-sender","receiverWalletId":"wallet-receiver","msg":"Wallet validation completed"}
{"level":"info","time":"2026-10-05T05:21:24.006Z","pid":25884,"hostname":"anonymous","msg":"Transfer validation completed"}
{"level":"info","time":"2026-10-05T05:21:24.006Z","pid":25884,"hostname":"anonymous","transactionId":"txn-1","referenceNumber":"TRANSFER20261005EDBA0F5E","senderWalletId":"wallet-sender","receiverWalletId":"wallet-receiver","amount":"100000","msg":"Transfer completed"}
{"level":"info","time":"2026-10-05T05:21:24.006Z","pid":25884,"hostname":"anonymous","senderWalletId":"wallet-sender","receiverWalletId":"wallet-receiver","msg":"Wallet cache invalidated"}
{"level":"info","time":"2026-10-05T05:21:24.007Z","pid":25884,"hostname":"anonymous","senderUserId":"user-sender","receiverWalletId":"wallet-receiver","amount":100000,"msg":"Transfer started"}
{"level":"info","time":"2026-10-05T05:21:24.007Z","pid":25884,"hostname":"anonymous","referenceNumber":"TRANSFER202610058EC23645","msg":"Reference number generated"}
{"level":"info","time":"2026-10-05T05:21:24.007Z","pid":25884,"hostname":"anonymous","senderWalletId":"wallet-sender","receiverWalletId":"wallet-receiver","msg":"Wallet validation completed"}
{"level":"info","time":"2026-10-05T05:21:24.007Z","pid":25884,"hostname":"anonymous","msg":"Transfer validation completed"}
{"level":"info","time":"2026-10-05T05:21:24.007Z","pid":25884,"hostname":"anonymous","transactionId":"txn-1","referenceNumber":"TRANSFER202610058EC23645","senderWalletId":"wallet-sender","receiverWalletId":"wallet-receiver","amount":"100000","msg":"Transfer completed"}
{"level":"info","time":"2026-10-05T05:21:24.007Z","pid":25884,"hostname":"anonymous","senderWalletId":"wallet-sender","receiverWalletId":"wallet-receiver","msg":"Wallet cache invalidated"}
{"level":"info","time":"2026-10-05T05:21:24.008Z","pid":25884,"hostname":"anonymous","senderUserId":"user-sender","receiverWalletId":"wallet-receiver","amount":100000,"msg":"Transfer started"}
{"level":"info","time":"2026-10-05T05:21:24.008Z","pid":25884,"hostname":"anonymous","referenceNumber":"TRANSFER20261005308825F7","msg":"Reference number generated"}
{"level":"info","time":"2026-10-05T05:21:24.008Z","pid":25884,"hostname":"anonymous","senderWalletId":"wallet-sender","receiverWalletId":"wallet-receiver","msg":"Wallet validation completed"}
{"level":"info","time":"2026-10-05T05:21:24.008Z","pid":25884,"hostname":"anonymous","msg":"Transfer validation completed"}
{"level":"info","time":"2026-10-05T05:21:24.008Z","pid":25884,"hostname":"anonymous","transactionId":"txn-1","referenceNumber":"TRANSFER20261005308825F7","senderWalletId":"wallet-sender","receiverWalletId":"wallet-receiver","amount":"100000","msg":"Transfer completed"}
{"level":"info","time":"2026-10-05T05:21:24.008Z","pid":25884,"hostname":"anonymous","senderWalletId":"wallet-sender","receiverWalletId":"wallet-receiver","msg":"Wallet cache invalidated"}
{"level":"info","time":"2026-10-05T05:21:24.010Z","pid":25884,"hostname":"anonymous","senderUserId":"user-sender","receiverWalletId":"wallet-receiver","amount":100000,"msg":"Transfer started"}
{"level":"info","time":"2026-10-05T05:21:24.010Z","pid":25884,"hostname":"anonymous","referenceNumber":"TRANSFER202610052BD47045","msg":"Reference number generated"}
{"level":"info","time":"2026-10-05T05:21:24.010Z","pid":25884,"hostname":"anonymous","senderWalletId":"wallet-sender","receiverWalletId":"wallet-receiver","msg":"Wallet validation completed"}
{"level":"info","time":"2026-10-05T05:21:24.010Z","pid":25884,"hostname":"anonymous","msg":"Transfer validation completed"}
{"level":"info","time":"2026-10-05T05:21:24.010Z","pid":25884,"hostname":"anonymous","transactionId":"txn-1","referenceNumber":"TRANSFER202610052BD47045","senderWalletId":"wallet-sender","receiverWalletId":"wallet-receiver","amount":"100000","msg":"Transfer completed"}
{"level":"info","time":"2026-10-05T05:21:24.010Z","pid":25884,"hostname":"anonymous","senderWalletId":"wallet-sender","receiverWalletId":"wallet-receiver","msg":"Wallet cache invalidated"}
{"level":"info","time":"2026-10-05T05:21:24.011Z","pid":25884,"hostname":"anonymous","senderUserId":"user-sender","receiverWalletId":"wallet-receiver","amount":100000,"msg":"Transfer started"}
{"level":"info","time":"2026-10-05T05:21:24.011Z","pid":25884,"hostname":"anonymous","referenceNumber":"TRANSFER20261005236E93BD","msg":"Reference number generated"}
{"level":"info","time":"2026-10-05T05:21:24.011Z","pid":25884,"hostname":"anonymous","senderWalletId":"wallet-sender","receiverWalletId":"wallet-receiver","msg":"Wallet validation completed"}
{"level":"info","time":"2026-10-05T05:21:24.011Z","pid":25884,"hostname":"anonymous","msg":"Transfer validation completed"}
{"level":"info","time":"2026-10-05T05:21:24.011Z","pid":25884,"hostname":"anonymous","transactionId":"txn-1","referenceNumber":"TRANSFER20261005236E93BD","senderWalletId":"wallet-sender","receiverWalletId":"wallet-receiver","amount":"100000","msg":"Transfer completed"}
{"level":"info","time":"2026-10-05T05:21:24.011Z","pid":25884,"hostname":"anonymous","senderWalletId":"wallet-sender","receiverWalletId":"wallet-receiver","msg":"Wallet cache invalidated"}
{"level":"info","time":"2026-10-05T05:21:24.012Z","pid":25884,"hostname":"anonymous","senderUserId":"user-sender","receiverWalletId":"wallet-receiver","amount":100000,"msg":"Transfer started"}
{"level":"info","time":"2026-10-05T05:21:24.012Z","pid":25884,"hostname":"anonymous","referenceNumber":"TRANSFER20261005CCA57A1A","msg":"Reference number generated"}
{"level":"info","time":"2026-10-05T05:21:24.012Z","pid":25884,"hostname":"anonymous","senderWalletId":"wallet-sender","receiverWalletId":"wallet-receiver","msg":"Wallet validation completed"}
{"level":"info","time":"2026-10-05T05:21:24.012Z","pid":25884,"hostname":"anonymous","msg":"Transfer validation completed"}
{"level":"info","time":"2026-10-05T05:21:24.013Z","pid":25884,"hostname":"anonymous","senderUserId":"user-sender","receiverWalletId":"wallet-receiver","amount":100000,"msg":"Transfer started"}
{"level":"info","time":"2026-10-05T05:21:24.014Z","pid":25884,"hostname":"anonymous","referenceNumber":"TRANSFER202610052E5CB812","msg":"Reference number generated"}
{"level":"info","time":"2026-10-05T05:21:24.014Z","pid":25884,"hostname":"anonymous","senderWalletId":"wallet-sender","receiverWalletId":"wallet-receiver","msg":"Wallet validation completed"}
{"level":"info","time":"2026-10-05T05:21:24.014Z","pid":25884,"hostname":"anonymous","msg":"Transfer validation completed"}
{"level":"info","time":"2026-10-05T05:21:24.014Z","pid":25884,"hostname":"anonymous","senderUserId":"user-sender","receiverWalletId":"wallet-receiver","amount":100000,"msg":"Transfer started"}
{"level":"info","time":"2026-10-05T05:21:24.015Z","pid":25884,"hostname":"anonymous","senderUserId":"user-sender","receiverWalletId":"wallet-receiver","amount":100000,"msg":"Transfer started"}
{"level":"info","time":"2026-10-05T05:21:24.015Z","pid":25884,"hostname":"anonymous","referenceNumber":"TRANSFER2026100579CC99DA","msg":"Reference number generated"}
{"level":"info","time":"2026-10-05T05:21:24.015Z","pid":25884,"hostname":"anonymous","senderWalletId":"wallet-sender","receiverWalletId":"wallet-receiver","msg":"Wallet validation completed"}
{"level":"info","time":"2026-10-05T05:21:24.015Z","pid":25884,"hostname":"anonymous","msg":"Transfer validation completed"}
{"level":"info","time":"2026-10-05T05:21:24.016Z","pid":25884,"hostname":"anonymous","senderUserId":"user-sender","receiverWalletId":"wallet-receiver","amount":100000,"msg":"Transfer started"}
{"level":"info","time":"2026-10-05T05:21:24.017Z","pid":25884,"hostname":"anonymous","referenceNumber":"TRANSFER2026100541A98CE3","msg":"Reference number generated"}
{"level":"info","time":"2026-10-05T05:21:24.017Z","pid":25884,"hostname":"anonymous","senderWalletId":"wallet-sender","receiverWalletId":"wallet-receiver","msg":"Wallet validation completed"}
{"level":"warn","time":"2026-10-05T05:21:24.017Z","pid":25884,"hostname":"anonymous","walletId":"wallet-sender","attemptedAmount":"100000","todayAmount":"2000000","limit":"2000000","msg":"Daily transfer limit exceeded for user"}
{"level":"info","time":"2026-10-05T05:21:24.017Z","pid":25884,"hostname":"anonymous","senderUserId":"user-sender","receiverWalletId":"wallet-receiver","amount":100000,"msg":"Transfer started"}
{"level":"info","time":"2026-10-05T05:21:24.017Z","pid":25884,"hostname":"anonymous","referenceNumber":"TRANSFER20261005B5E5C41C","msg":"Reference number generated"}
{"level":"info","time":"2026-10-05T05:21:24.017Z","pid":25884,"hostname":"anonymous","senderWalletId":"wallet-sender","receiverWalletId":"wallet-receiver","msg":"Wallet validation completed"}
{"level":"info","time":"2026-10-05T05:21:24.017Z","pid":25884,"hostname":"anonymous","msg":"Transfer validation completed"}
{"level":"info","time":"2026-10-05T05:21:24.018Z","pid":25884,"hostname":"anonymous","senderUserId":"user-sender","receiverWalletId":"wallet-receiver","amount":100000,"msg":"Transfer started"}
{"level":"info","time":"2026-10-05T05:21:24.018Z","pid":25884,"hostname":"anonymous","referenceNumber":"TRANSFER2026100598646A80","msg":"Reference number generated"}
{"level":"info","time":"2026-10-05T05:21:24.018Z","pid":25884,"hostname":"anonymous","senderWalletId":"wallet-sender","receiverWalletId":"wallet-receiver","msg":"Wallet validation completed"}
{"level":"info","time":"2026-10-05T05:21:24.018Z","pid":25884,"hostname":"anonymous","msg":"Transfer validation completed"}
{"level":"info","time":"2026-10-05T05:21:24.018Z","pid":25884,"hostname":"anonymous","senderUserId":"user-sender","receiverWalletId":"wallet-sender","amount":100000,"msg":"Transfer started"}
{"level":"info","time":"2026-10-05T05:21:24.018Z","pid":25884,"hostname":"anonymous","referenceNumber":"TRANSFER20261005AEB5FF6C","msg":"Reference number generated"}
{"level":"info","time":"2026-10-05T05:21:24.019Z","pid":25884,"hostname":"anonymous","senderUserId":"user-sender","receiverWalletId":"wallet-receiver","amount":10000001,"msg":"Transfer started"}
{"level":"info","time":"2026-10-05T05:21:24.019Z","pid":25884,"hostname":"anonymous","referenceNumber":"TRANSFER202610057AF73138","msg":"Reference number generated"}
{"level":"info","time":"2026-10-05T05:21:24.019Z","pid":25884,"hostname":"anonymous","senderWalletId":"wallet-sender","receiverWalletId":"wallet-receiver","msg":"Wallet validation completed"}
{"level":"warn","time":"2026-10-05T05:21:24.019Z","pid":25884,"hostname":"anonymous","walletId":"wallet-sender","attemptedAmount":"10000001","todayAmount":"0","limit":"2000000","msg":"Daily transfer limit exceeded for user"}
{"level":"info","time":"2026-10-05T05:21:24.019Z","pid":25884,"hostname":"anonymous","senderUserId":"user-sender","receiverWalletId":"wallet-receiver","amount":100000,"msg":"Transfer started"}
{"level":"info","time":"2026-10-05T05:21:24.019Z","pid":25884,"hostname":"anonymous","referenceNumber":"TRANSFER202610050E9204F4","msg":"Reference number generated"}
{"level":"info","time":"2026-10-05T05:21:24.019Z","pid":25884,"hostname":"anonymous","senderWalletId":"wallet-sender","receiverWalletId":"wallet-receiver","msg":"Wallet validation completed"}
{"level":"info","time":"2026-10-05T05:21:24.020Z","pid":25884,"hostname":"anonymous","senderUserId":"user-sender","receiverWalletId":"wallet-receiver","amount":100000,"msg":"Transfer started"}
{"level":"info","time":"2026-10-05T05:21:24.020Z","pid":25884,"hostname":"anonymous","referenceNumber":"TRANSFER20261005C3A5D26E","msg":"Reference number generated"}
{"level":"info","time":"2026-10-05T05:21:24.020Z","pid":25884,"hostname":"anonymous","senderWalletId":"wallet-sender","receiverWalletId":"wallet-receiver","msg":"Wallet validation completed"}
{"level":"info","time":"2026-10-05T05:21:24.020Z","pid":25884,"hostname":"anonymous","msg":"Transfer validation completed"}
{"level":"info","time":"2026-10-05T05:21:24.020Z","pid":25884,"hostname":"anonymous","transactionId":"txn-1","referenceNumber":"TRANSFER20261005C3A5D26E","senderWalletId":"wallet-sender","receiverWalletId":"wallet-receiver","amount":"100000","msg":"Transfer completed"}
{"level":"info","time":"2026-10-05T05:21:24.020Z","pid":25884,"hostname":"anonymous","senderWalletId":"wallet-sender","receiverWalletId":"wallet-receiver","msg":"Wallet cache invalidated"}
{"level":"info","time":"2026-10-05T05:21:24.021Z","pid":25884,"hostname":"anonymous","senderUserId":"user-sender","receiverWalletId":"wallet-receiver","amount":100000,"msg":"Transfer started"}
{"level":"info","time":"2026-10-05T05:21:24.021Z","pid":25884,"hostname":"anonymous","referenceNumber":"TRANSFER202610059A671EFD","msg":"Reference number generated"}
{"level":"info","time":"2026-10-05T05:21:24.021Z","pid":25884,"hostname":"anonymous","senderWalletId":"wallet-sender","receiverWalletId":"wallet-receiver","msg":"Wallet validation completed"}
{"level":"info","time":"2026-10-05T05:21:24.021Z","pid":25884,"hostname":"anonymous","msg":"Transfer validation completed"}
{"level":"info","time":"2026-10-05T05:21:24.021Z","pid":25884,"hostname":"anonymous","transactionId":"txn-1","referenceNumber":"TRANSFER202610059A671EFD","senderWalletId":"wallet-sender","receiverWalletId":"wallet-receiver","amount":"100000","msg":"Transfer completed"}
{"level":"warn","time":"2026-10-05T05:21:24.021Z","pid":25884,"hostname":"anonymous","transactionId":"txn-1","error":"notification channel down","msg":"Transfer completed but post-transfer side effect failed"}
{"level":"info","time":"2026-10-05T05:21:24.021Z","pid":25884,"hostname":"anonymous","senderWalletId":"wallet-sender","receiverWalletId":"wallet-receiver","msg":"Wallet cache invalidated"}
{"level":"info","time":"2026-10-05T05:21:24.103Z","pid":25870,"hostname":"anonymous","withdrawalId":"wth_demo","userId":"user_demo","msg":"Demo withdrawal completed (simulated)"}
{"level":"info","time":"2026-10-05T05:21:28.249Z","pid":25926,"hostname":"anonymous","senderUserId":"user-sender","receiverWalletId":"wallet-receiver","amount":100000,"msg":"Transfer started"}
{"level":"info","time":"2026-10-05T05:21:28.250Z","pid":25926,"hostname":"anonymous","referenceNumber":"TRANSFER20261005133AF482","msg":"Reference number generated"}
{"level":"info","time":"2026-10-05T05:21:28.251Z","pid":25926,"hostname":"anonymous","senderWalletId":"wallet-sender","receiverWalletId":"wallet-receiver","msg":"Wallet validation completed"}
{"level":"info","time":"2026-10-05T05:21:28.251Z","pid":25926,"hostname":"anonymous","msg":"Transfer validation completed"}
{"level":"info","time":"2026-10-05T05:21:28.252Z","pid":25926,"hostname":"anonymous","transactionId":"txn-1","referenceNumber":"TRANSFER20261005133AF482","senderWalletId":"wallet-sender","receiverWalletId":"wallet-receiver","amount":"100000","msg":"Transfer completed"}
{"level":"warn","time":"2026-10-05T05:21:28.253Z","pid":25926,"hostname":"anonymous","transactionId":"txn-1","error":"__vite_ssr_import_4__.walletRepository.findById is not a function","msg":"Transfer completed but post-transfer side effect failed"}
{"level":"info","time":"2026-10-05T05:21:28.253Z","pid":25926,"hostname":"anonymous","senderWalletId":"wallet-sender","receiverWalletId":"wallet-receiver","msg":"Wallet cache invalidated"}
{"level":"info","time":"2026-10-05T05:21:28.256Z","pid":25926,"hostname":"anonymous","senderUserId":"user-sender","receiverWalletId":"wallet-receiver","amount":100000,"msg":"Transfer started"}
{"level":"info","time":"2026-10-05T05:21:28.256Z","pid":25926,"hostname":"anonymous","referenceNumber":"TRANSFER202610050ACB1392","msg":"Reference number generated"}
{"level":"info","time":"2026-10-05T05:21:28.256Z","pid":25926,"hostname":"anonymous","senderWalletId":"wallet-sender","receiverWalletId":"wallet-receiver","msg":"Wallet validation completed"}
{"level":"info","time":"2026-10-05T05:21:28.257Z","pid":25926,"hostname":"anonymous","msg":"Transfer validation completed"}
{"level":"info","time":"2026-10-05T05:21:28.257Z","pid":25926,"hostname":"anonymous","transactionId":"txn-1","referenceNumber":"TRANSFER202610050ACB1392","senderWalletId":"wallet-sender","receiverWalletId":"wallet-receiver","amount":"100000","msg":"Transfer completed"}
{"level":"warn","time":"2026-10-05T05:21:28.257Z","pid":25926,"hostname":"anonymous","transactionId":"txn-1","error":"__vite_ssr_import_4__.walletRepository.findById is not a function","msg":"Transfer completed but post-transfer side effect failed"}
{"level":"info","time":"2026-10-05T05:21:28.257Z","pid":25926,"hostname":"anonymous","senderWalletId":"wallet-sender","receiverWalletId":"wallet-receiver","msg":"Wallet cache invalidated"}
{"level":"info","time":"2026-10-05T05:21:28.258Z","pid":25926,"hostname":"anonymous","senderUserId":"user-sender","receiverWalletId":"wallet-receiver","amount":100000,"msg":"Transfer started"}
{"level":"info","time":"2026-10-05T05:21:28.259Z","pid":25926,"hostname":"anonymous","referenceNumber":"TRANSFER20261005A59C6FDA","msg":"Reference number generated"}
{"level":"info","time":"2026-10-05T05:21:28.259Z","pid":25926,"hostname":"anonymous","senderWalletId":"wallet-sender","receiverWalletId":"wallet-receiver","msg":"Wallet validation completed"}
{"level":"info","time":"2026-10-05T05:21:28.259Z","pid":25926,"hostname":"anonymous","msg":"Transfer validation completed"}
{"level":"info","time":"2026-10-05T05:21:28.259Z","pid":25926,"hostname":"anonymous","transactionId":"txn-1","referenceNumber":"TRANSFER20261005A59C6FDA","senderWalletId":"wallet-sender","receiverWalletId":"wallet-receiver","amount":"100000","msg":"Transfer completed"}
{"level":"warn","time":"2026-10-05T05:21:28.259Z","pid":25926,"hostname":"anonymous","transactionId":"txn-1","error":"__vite_ssr_import_4__.walletRepository.findById is not a function","msg":"Transfer completed but post-transfer side effect failed"}
{"level":"info","time":"2026-10-05T05:21:28.259Z","pid":25926,"hostname":"anonymous","senderWalletId":"wallet-sender","receiverWalletId":"wallet-receiver","msg":"Wallet cache invalidated"}
{"level":"info","time":"2026-10-05T05:21:28.260Z","pid":25926,"hostname":"anonymous","senderUserId":"user-sender","receiverWalletId":"wallet-receiver","amount":100000,"msg":"Transfer started"}
{"level":"info","time":"2026-10-05T05:21:28.260Z","pid":25926,"hostname":"anonymous","referenceNumber":"TRANSFER20261005F0DF8235","msg":"Reference number generated"}
{"level":"info","time":"2026-10-05T05:21:28.260Z","pid":25926,"hostname":"anonymous","senderWalletId":"wallet-sender","receiverWalletId":"wallet-receiver","msg":"Wallet validation completed"}
{"level":"info","time":"2026-10-05T05:21:28.261Z","pid":25926,"hostname":"anonymous","msg":"Transfer validation completed"}
{"level":"info","time":"2026-10-05T05:21:28.261Z","pid":25926,"hostname":"anonymous","transactionId":"txn-1","referenceNumber":"TRANSFER20261005F0DF8235","senderWalletId":"wallet-sender","receiverWalletId":"wallet-receiver","amount":"100000","msg":"Transfer completed"}
{"level":"warn","time":"2026-10-05T05:21:28.261Z","pid":25926,"hostname":"anonymous","transactionId":"txn-1","error":"__vite_ssr_import_4__.walletRepository.findById is not a function","msg":"Transfer completed but post-transfer side effect failed"}
{"level":"info","time":"2026-10-05T05:21:28.261Z","pid":25926,"hostname":"anonymous","senderWalletId":"wallet-sender","receiverWalletId":"wallet-receiver","msg":"Wallet cache invalidated"}
{"level":"info","time":"2026-10-05T05:21:28.262Z","pid":25926,"hostname":"anonymous","senderUserId":"user-sender","receiverWalletId":"wallet-receiver","amount":100000,"msg":"Transfer started"}
{"level":"info","time":"2026-10-05T05:21:28.262Z","pid":25926,"hostname":"anonymous","referenceNumber":"TRANSFER20261005710952E1","msg":"Reference number generated"}
{"level":"info","time":"2026-10-05T05:21:28.262Z","pid":25926,"hostname":"anonymous","senderWalletId":"wallet-sender","receiverWalletId":"wallet-receiver","msg":"Wallet validation completed"}
{"level":"info","time":"2026-10-05T05:21:28.262Z","pid":25926,"hostname":"anonymous","msg":"Transfer validation completed"}
{"level":"info","time":"2026-10-05T05:21:28.262Z","pid":25926,"hostname":"anonymous","transactionId":"txn-1","referenceNumber":"TRANSFER20261005710952E1","senderWalletId":"wallet-sender","receiverWalletId":"wallet-receiver","amount":"100000","msg":"Transfer completed"}
{"level":"warn","time":"2026-10-05T05:21:28.262Z","pid":25926,"hostname":"anonymous","transactionId":"txn-1","error":"__vite_ssr_import_4__.walletRepository.findById is not a function","msg":"Transfer completed but post-transfer side effect failed"}
{"level":"info","time":"2026-10-05T05:21:28.262Z","pid":25926,"hostname":"anonymous","senderWalletId":"wallet-sender","receiverWalletId":"wallet-receiver","msg":"Wallet cache invalidated"}
{"level":"info","time":"2026-10-05T05:21:28.263Z","pid":25926,"hostname":"anonymous","senderUserId":"user-sender","receiverWalletId":"wallet-receiver","amount":100000,"msg":"Transfer started"}
{"level":"info","time":"2026-10-05T05:21:28.264Z","pid":25926,"hostname":"anonymous","referenceNumber":"TRANSFER20261005C8F9F00D","msg":"Reference number generated"}
{"level":"info","time":"2026-10-05T05:21:28.264Z","pid":25926,"hostname":"anonymous","senderWalletId":"wallet-sender","receiverWalletId":"wallet-receiver","msg":"Wallet validation completed"}
{"level":"info","time":"2026-10-05T05:21:28.264Z","pid":25926,"hostname":"anonymous","msg":"Transfer validation completed"}
{"level":"info","time":"2026-10-05T05:21:28.264Z","pid":25926,"hostname":"anonymous","transactionId":"txn-1","referenceNumber":"TRANSFER20261005C8F9F00D","senderWalletId":"wallet-sender","receiverWalletId":"wallet-receiver","amount":"100000","msg":"Transfer completed"}
{"level":"warn","time":"2026-10-05T05:21:28.264Z","pid":25926,"hostname":"anonymous","transactionId":"txn-1","error":"__vite_ssr_import_4__.walletRepository.findById is not a function","msg":"Transfer completed but post-transfer side effect failed"}
{"level":"info","time":"2026-10-05T05:21:28.264Z","pid":25926,"hostname":"anonymous","senderWalletId":"wallet-sender","receiverWalletId":"wallet-receiver","msg":"Wallet cache invalidated"}
{"level":"info","time":"2026-10-05T05:21:28.265Z","pid":25926,"hostname":"anonymous","senderUserId":"user-sender","receiverWalletId":"wallet-receiver","amount":100000,"msg":"Transfer started"}
{"level":"info","time":"2026-10-05T05:21:28.265Z","pid":25926,"hostname":"anonymous","referenceNumber":"TRANSFER2026100540B3F11C","msg":"Reference number generated"}
{"level":"info","time":"2026-10-05T05:21:28.265Z","pid":25926,"hostname":"anonymous","senderWalletId":"wallet-sender","receiverWalletId":"wallet-receiver","msg":"Wallet validation completed"}
{"level":"info","time":"2026-10-05T05:21:28.265Z","pid":25926,"hostname":"anonymous","msg":"Transfer validation completed"}
{"level":"info","time":"2026-10-05T05:21:28.266Z","pid":25926,"hostname":"anonymous","transactionId":"txn-1","referenceNumber":"TRANSFER2026100540B3F11C","senderWalletId":"wallet-sender","receiverWalletId":"wallet-receiver","amount":"100000","msg":"Transfer completed"}
{"level":"warn","time":"2026-10-05T05:21:28.266Z","pid":25926,"hostname":"anonymous","transactionId":"txn-1","error":"__vite_ssr_import_4__.walletRepository.findById is not a function","msg":"Transfer completed but post-transfer side effect failed"}
{"level":"info","time":"2026-10-05T05:21:28.266Z","pid":25926,"hostname":"anonymous","senderWalletId":"wallet-sender","receiverWalletId":"wallet-receiver","msg":"Wallet cache invalidated"}
{"level":"info","time":"2026-10-05T05:21:28.267Z","pid":25926,"hostname":"anonymous","senderUserId":"user-sender","receiverWalletId":"wallet-receiver","amount":37499,"msg":"Transfer started"}
{"level":"info","time":"2026-10-05T05:21:28.267Z","pid":25926,"hostname":"anonymous","referenceNumber":"TRANSFER202610052E436CEF","msg":"Reference number generated"}
{"level":"info","time":"2026-10-05T05:21:28.267Z","pid":25926,"hostname":"anonymous","senderWalletId":"wallet-sender","receiverWalletId":"wallet-receiver","msg":"Wallet validation completed"}
{"level":"info","time":"2026-10-05T05:21:28.267Z","pid":25926,"hostname":"anonymous","msg":"Transfer validation completed"}
{"level":"info","time":"2026-10-05T05:21:28.267Z","pid":25926,"hostname":"anonymous","transactionId":"txn-1","referenceNumber":"TRANSFER202610052E436CEF","senderWalletId":"wallet-sender","receiverWalletId":"wallet-receiver","amount":"37499","msg":"Transfer completed"}
{"level":"warn","time":"2026-10-05T05:21:28.268Z","pid":25926,"hostname":"anonymous","transactionId":"txn-1","error":"__vite_ssr_import_4__.walletRepository.findById is not a function","msg":"Transfer completed but post-transfer side effect failed"}
{"level":"info","time":"2026-10-05T05:21:28.268Z","pid":25926,"hostname":"anonymous","senderWalletId":"wallet-sender","receiverWalletId":"wallet-receiver","msg":"Wallet cache invalidated"}
{"level":"info","time":"2026-10-05T05:21:28.269Z","pid":25926,"hostname":"anonymous","senderUserId":"user-sender","receiverWalletId":"wallet-receiver","amount":100000,"msg":"Transfer started"}
{"level":"info","time":"2026-10-05T05:21:28.269Z","pid":25926,"hostname":"anonymous","referenceNumber":"TRANSFER202610054B2B67A5","msg":"Reference number generated"}
{"level":"info","time":"2026-10-05T05:21:28.269Z","pid":25926,"hostname":"anonymous","senderWalletId":"wallet-sender","receiverWalletId":"wallet-receiver","msg":"Wallet validation completed"}
{"level":"info","time":"2026-10-05T05:21:28.269Z","pid":25926,"hostname":"anonymous","msg":"Transfer validation completed"}
{"level":"info","time":"2026-10-05T05:21:28.269Z","pid":25926,"hostname":"anonymous","transactionId":"txn-1","referenceNumber":"TRANSFER202610054B2B67A5","senderWalletId":"wallet-sender","receiverWalletId":"wallet-receiver","amount":"100000","msg":"Transfer completed"}
{"level":"warn","time":"2026-10-05T05:21:28.269Z","pid":25926,"hostname":"anonymous","transactionId":"txn-1","error":"__vite_ssr_import_4__.walletRepository.findById is not a function","msg":"Transfer completed but post-transfer side effect failed"}
{"level":"info","time":"2026-10-05T05:21:28.269Z","pid":25926,"hostname":"anonymous","senderWalletId":"wallet-sender","receiverWalletId":"wallet-receiver","msg":"Wallet cache invalidated"}
{"level":"info","time":"2026-10-05T05:21:28.270Z","pid":25926,"hostname":"anonymous","senderUserId":"user-sender","receiverWalletId":"wallet-receiver","amount":100000,"msg":"Transfer started"}
{"level":"info","time":"2026-10-05T05:21:28.271Z","pid":25926,"hostname":"anonymous","referenceNumber":"TRANSFER202610056F2E6F08","msg":"Reference number generated"}
{"level":"info","time":"2026-10-05T05:21:28.271Z","pid":25926,"hostname":"anonymous","senderWalletId":"wallet-sender","receiverWalletId":"wallet-receiver","msg":"Wallet validation completed"}
{"level":"info","time":"2026-10-05T05:21:28.271Z","pid":25926,"hostname":"anonymous","msg":"Transfer validation completed"}
{"level":"info","time":"2026-10-05T05:21:28.549Z","pid":25872,"hostname":"anonymous","msg":"Redis connected"}
{"level":"info","time":"2026-10-05T05:21:28.549Z","pid":25878,"hostname":"anonymous","msg":"Redis connected"}
{"level":"warn","time":"2026-10-05T05:21:34.496Z","pid":25993,"hostname":"anonymous","userId":"user-1","msg":"Wallet not found"}
{"level":"info","time":"2026-10-05T05:21:34.498Z","pid":25993,"hostname":"anonymous","walletId":"wallet-1","userId":"user-1","msg":"Wallet balance cache hit"}
{"level":"info","time":"2026-10-05T05:21:34.499Z","pid":25993,"hostname":"anonymous","walletId":"wallet-1","userId":"user-1","msg":"Wallet balance cache miss"}
{"level":"warn","time":"2026-10-05T05:21:34.502Z","pid":25993,"hostname":"anonymous","userId":"user-1","msg":"Wallet not found"}
{"level":"warn","time":"2026-10-05T05:21:34.503Z","pid":25993,"hostname":"anonymous","userId":"user-1","msg":"User limit not found"}
{"level":"info","time":"2026-10-05T05:21:34.503Z","pid":25993,"hostname":"anonymous","walletId":"wallet-1","page":1,"limit":20,"total":1,"msg":"Ledger retrieved"}
{"level":"info","time":"2026-10-05T05:21:34.660Z","pid":25872,"hostname":"anonymous","msg":"SMTP Connected"}
{"level":"info","time":"2026-10-05T05:21:34.706Z","pid":25890,"hostname":"anonymous","msg":"Redis connected"}
{"level":"info","time":"2026-10-05T05:21:34.728Z","pid":25890,"hostname":"anonymous","userId":"user-1","amount":100000,"msg":"Creating withdrawal"}
{"level":"error","time":"2026-10-05T05:21:34.743Z","pid":25890,"hostname":"anonymous","error":{"userId":"user-1","type":"WITHDRAW_PENDING","error":"Cannot read properties of undefined (reading 'findUnique')"},"msg":"Failed to dispatch financial notification"}
{"level":"info","time":"2026-10-05T05:21:34.744Z","pid":25890,"hostname":"anonymous","userId":"user-1","amount":9999,"msg":"Creating withdrawal"}
{"level":"info","time":"2026-10-05T05:21:34.746Z","pid":25890,"hostname":"anonymous","userId":"user-1","amount":10000001,"msg":"Creating withdrawal"}
{"level":"info","time":"2026-10-05T05:21:34.747Z","pid":25890,"hostname":"anonymous","withdrawalId":"wd-1","msg":"Withdrawal WD20260101ABCDEF12 cancelled for user user-1"}
{"level":"info","time":"2026-10-05T05:21:34.748Z","pid":25890,"hostname":"anonymous","withdrawalId":"wd-1","msg":"Withdrawal WD20260101ABCDEF12 cancelled for user user-1"}
{"level":"info","time":"2026-10-05T05:21:34.748Z","pid":25890,"hostname":"anonymous","withdrawalId":"wd-1","msg":"Withdrawal WD20260101ABCDEF12 cancelled for user user-1"}
{"level":"info","time":"2026-10-05T05:21:35.450Z","pid":25878,"hostname":"anonymous","msg":"SMTP Connected"}
{"level":"info","time":"2026-10-05T05:21:37.487Z","pid":25896,"hostname":"anonymous","msg":"Redis connected"}
{"level":"error","time":"2026-10-05T05:21:41.075Z","pid":25896,"hostname":"anonymous","method":"GET","path":"/api/v1/wallet","message":"Wallet not found","stack":"Error: Wallet not found\n    at /mnt/d/Dev/learning 2026/fintech/fintech-backend/test/integration/wallet/wallet.endpoint.test.ts:117:7\n    at file:///mnt/d/Dev/learning%202026/fintech/fintech-backend/node_modules/@vitest/runner/dist/chunk-artifact.js:302:11\n    at file:///mnt/d/Dev/learning%202026/fintech/fintech-backend/node_modules/@vitest/runner/dist/chunk-artifact.js:1903:26\n    at file:///mnt/d/Dev/learning%202026/fintech/fintech-backend/node_modules/@vitest/runner/dist/chunk-artifact.js:2326:20\n    at new Promise (<anonymous>)\n    at runWithCancel (file:///mnt/d/Dev/learning%202026/fintech/fintech-backend/node_modules/@vitest/runner/dist/chunk-artifact.js:2323:10)\n    at file:///mnt/d/Dev/learning%202026/fintech/fintech-backend/node_modules/@vitest/runner/dist/chunk-artifact.js:2305:20\n    at new Promise (<anonymous>)\n    at runWithTimeout (file:///mnt/d/Dev/learning%202026/fintech/fintech-backend/node_modules/@vitest/runner/dist/chunk-artifact.js:2272:10)\n    at file:///mnt/d/Dev/learning%202026/fintech/fintech-backend/node_modules/@vitest/runner/dist/chunk-artifact.js:2956:64","code":"NOT_FOUND","statusCode":404,"msg":"Unhandled error"}
{"level":"info","time":"2026-10-05T05:21:45.083Z","pid":25878,"hostname":"anonymous","req":{"id":1,"method":"GET","url":"/api/v1/dashboard","query":{},"params":{},"headers":{"authorization":"[REDACTED]","host":"127.0.0.1:33359","accept-encoding":"gzip, deflate","connection":"close"},"remoteAddress":"::ffff:127.0.0.1","remotePort":56156},"res":{"statusCode":200,"headers":{"x-powered-by":"Express","x-request-id":"60565bfe-a653-4ff1-b7f4-4375e95a62b6","vary":"Origin","access-control-allow-credentials":"true","ratelimit-policy":"100000;w=900","ratelimit-limit":"100000","ratelimit-remaining":"99999","ratelimit-reset":"900","content-type":"application/json; charset=utf-8","content-length":"1087","etag":"W/\"43f-icvIMYbEzXvZu7U6RpAdxY1N3r0\""}},"responseTime":6,"msg":"request completed"}
{"level":"error","time":"2026-10-05T05:21:45.092Z","pid":25878,"hostname":"anonymous","requestId":"b68528c5-0e81-44a8-b13e-19a54debbc8e","method":"GET","path":"/api/v1/dashboard","message":"Unauthorized","stack":"Error: Unauthorized\n    at authMiddleware (/mnt/d/Dev/learning 2026/fintech/fintech-backend/src/shared/middleware/auth.middleware.ts:16:19)\n    at Layer.handleRequest (/mnt/d/Dev/learning 2026/fintech/fintech-backend/node_modules/router/lib/layer.js:152:17)\n    at next (/mnt/d/Dev/learning 2026/fintech/fintech-backend/node_modules/router/lib/route.js:157:13)\n    at Route.dispatch (/mnt/d/Dev/learning 2026/fintech/fintech-backend/node_modules/router/lib/route.js:117:3)\n    at handle (/mnt/d/Dev/learning 2026/fintech/fintech-backend/node_modules/router/index.js:435:11)\n    at Layer.handleRequest (/mnt/d/Dev/learning 2026/fintech/fintech-backend/node_modules/router/lib/layer.js:152:17)\n    at /mnt/d/Dev/learning 2026/fintech/fintech-backend/node_modules/router/index.js:295:15\n    at processParams (/mnt/d/Dev/learning 2026/fintech/fintech-backend/node_modules/router/index.js:582:12)\n    at next (/mnt/d/Dev/learning 2026/fintech/fintech-backend/node_modules/router/index.js:291:5)\n    at router.handle (/mnt/d/Dev/learning 2026/fintech/fintech-backend/node_modules/router/index.js:186:3)","code":"UNAUTHORIZED","statusCode":401,"msg":"Unhandled error"}
{"level":"info","time":"2026-10-05T05:21:45.093Z","pid":25878,"hostname":"anonymous","req":{"id":2,"method":"GET","url":"/api/v1/dashboard","query":{},"params":{},"headers":{"host":"127.0.0.1:41173","accept-encoding":"gzip, deflate","connection":"close"},"remoteAddress":"::ffff:127.0.0.1","remotePort":59628},"res":{"statusCode":401,"headers":{"x-powered-by":"Express","x-request-id":"b68528c5-0e81-44a8-b13e-19a54debbc8e","vary":"Origin","access-control-allow-credentials":"true","ratelimit-policy":"100000;w=900","ratelimit-limit":"100000","ratelimit-remaining":"99998","ratelimit-reset":"900","content-type":"application/json; charset=utf-8","content-length":"64","etag":"W/\"40-pHinVBk6fqPMmthv1DDWSDkKrkk\""}},"responseTime":2,"msg":"request completed"}
{"level":"error","time":"2026-10-05T05:21:45.097Z","pid":25878,"hostname":"anonymous","requestId":"0443b3d6-2d21-46fb-9f46-2ed39cf43bcf","method":"GET","path":"/api/v1/dashboard","message":"InvalidToken","stack":"Error: InvalidToken\n    at authMiddleware (/mnt/d/Dev/learning 2026/fintech/fintech-backend/src/shared/middleware/auth.middleware.ts:43:19)\n    at Layer.handleRequest (/mnt/d/Dev/learning 2026/fintech/fintech-backend/node_modules/router/lib/layer.js:152:17)\n    at next (/mnt/d/Dev/learning 2026/fintech/fintech-backend/node_modules/router/lib/route.js:157:13)\n    at Route.dispatch (/mnt/d/Dev/learning 2026/fintech/fintech-backend/node_modules/router/lib/route.js:117:3)\n    at handle (/mnt/d/Dev/learning 2026/fintech/fintech-backend/node_modules/router/index.js:435:11)\n    at Layer.handleRequest (/mnt/d/Dev/learning 2026/fintech/fintech-backend/node_modules/router/lib/layer.js:152:17)\n    at /mnt/d/Dev/learning 2026/fintech/fintech-backend/node_modules/router/index.js:295:15\n    at processParams (/mnt/d/Dev/learning 2026/fintech/fintech-backend/node_modules/router/index.js:582:12)\n    at next (/mnt/d/Dev/learning 2026/fintech/fintech-backend/node_modules/router/index.js:291:5)\n    at router.handle (/mnt/d/Dev/learning 2026/fintech/fintech-backend/node_modules/router/index.js:186:3)","code":"INVALID_TOKEN","statusCode":401,"msg":"Unhandled error"}
{"level":"info","time":"2026-10-05T05:21:45.097Z","pid":25878,"hostname":"anonymous","req":{"id":3,"method":"GET","url":"/api/v1/dashboard","query":{},"params":{},"headers":{"authorization":"[REDACTED]","host":"127.0.0.1:40081","accept-encoding":"gzip, deflate","connection":"close"},"remoteAddress":"::ffff:127.0.0.1","remotePort":40624},"res":{"statusCode":401,"headers":{"x-powered-by":"Express","x-request-id":"0443b3d6-2d21-46fb-9f46-2ed39cf43bcf","vary":"Origin","access-control-allow-credentials":"true","ratelimit-policy":"100000;w=900","ratelimit-limit":"100000","ratelimit-remaining":"99997","ratelimit-reset":"900","content-type":"application/json; charset=utf-8","content-length":"65","etag":"W/\"41-J5MQR7t0T7ta/SMtNwFd/IDCXjA\""}},"responseTime":1,"msg":"request completed"}
{"level":"error","time":"2026-10-05T05:21:45.102Z","pid":25878,"hostname":"anonymous","requestId":"c3358924-df78-40a9-8cda-57b56a6fd599","method":"GET","path":"/api/v1/dashboard","message":"TokenExpired","stack":"Error: TokenExpired\n    at authMiddleware (/mnt/d/Dev/learning 2026/fintech/fintech-backend/src/shared/middleware/auth.middleware.ts:36:23)\n    at Layer.handleRequest (/mnt/d/Dev/learning 2026/fintech/fintech-backend/node_modules/router/lib/layer.js:152:17)\n    at next (/mnt/d/Dev/learning 2026/fintech/fintech-backend/node_modules/router/lib/route.js:157:13)\n    at Route.dispatch (/mnt/d/Dev/learning 2026/fintech/fintech-backend/node_modules/router/lib/route.js:117:3)\n    at handle (/mnt/d/Dev/learning 2026/fintech/fintech-backend/node_modules/router/index.js:435:11)\n    at Layer.handleRequest (/mnt/d/Dev/learning 2026/fintech/fintech-backend/node_modules/router/lib/layer.js:152:17)\n    at /mnt/d/Dev/learning 2026/fintech/fintech-backend/node_modules/router/index.js:295:15\n    at processParams (/mnt/d/Dev/learning 2026/fintech/fintech-backend/node_modules/router/index.js:582:12)\n    at next (/mnt/d/Dev/learning 2026/fintech/fintech-backend/node_modules/router/index.js:291:5)\n    at router.handle (/mnt/d/Dev/learning 2026/fintech/fintech-backend/node_modules/router/index.js:186:3)","code":"TOKEN_EXPIRED","statusCode":401,"msg":"Unhandled error"}
{"level":"info","time":"2026-10-05T05:21:45.103Z","pid":25878,"hostname":"anonymous","req":{"id":4,"method":"GET","url":"/api/v1/dashboard","query":{},"params":{},"headers":{"authorization":"[REDACTED]","host":"127.0.0.1:36275","accept-encoding":"gzip, deflate","connection":"close"},"remoteAddress":"::ffff:127.0.0.1","remotePort":58512},"res":{"statusCode":401,"headers":{"x-powered-by":"Express","x-request-id":"c3358924-df78-40a9-8cda-57b56a6fd599","vary":"Origin","access-control-allow-credentials":"true","ratelimit-policy":"100000;w=900","ratelimit-limit":"100000","ratelimit-remaining":"99996","ratelimit-reset":"900","content-type":"application/json; charset=utf-8","content-length":"65","etag":"W/\"41-qdd9tJmWiPFBpr10ZhIY1GPN2VQ\""}},"responseTime":2,"msg":"request completed"}
{"level":"error","time":"2026-10-05T05:21:45.107Z","pid":25878,"hostname":"anonymous","requestId":"d2f90626-8769-4f4b-911b-29cdff3b802f","method":"GET","path":"/api/v1/dashboard","message":"SessionNotFound","stack":"Error: SessionNotFound\n    at authMiddleware (/mnt/d/Dev/learning 2026/fintech/fintech-backend/src/shared/middleware/auth.middleware.ts:56:19)\n    at processTicksAndRejections (node:internal/process/task_queues:104:5)","code":"UNAUTHORIZED","statusCode":401,"msg":"Unhandled error"}
{"level":"info","time":"2026-10-05T05:21:45.107Z","pid":25878,"hostname":"anonymous","req":{"id":5,"method":"GET","url":"/api/v1/dashboard","query":{},"params":{},"headers":{"authorization":"[REDACTED]","host":"127.0.0.1:39937","accept-encoding":"gzip, deflate","connection":"close"},"remoteAddress":"::ffff:127.0.0.1","remotePort":34294},"res":{"statusCode":401,"headers":{"x-powered-by":"Express","x-request-id":"d2f90626-8769-4f4b-911b-29cdff3b802f","vary":"Origin","access-control-allow-credentials":"true","ratelimit-policy":"100000;w=900","ratelimit-limit":"100000","ratelimit-remaining":"99995","ratelimit-reset":"900","content-type":"application/json; charset=utf-8","content-length":"67","etag":"W/\"43-jO6gxwcLAkRrZFu6d4k7/A/j2/M\""}},"responseTime":1,"msg":"request completed"}
{"level":"info","time":"2026-10-05T05:21:45.112Z","pid":25878,"hostname":"anonymous","req":{"id":6,"method":"GET","url":"/api/v1/dashboard","query":{},"params":{},"headers":{"authorization":"[REDACTED]","host":"127.0.0.1:39573","accept-encoding":"gzip, deflate","connection":"close"},"remoteAddress":"::ffff:127.0.0.1","remotePort":36192},"res":{"statusCode":200,"headers":{"x-powered-by":"Express","x-request-id":"f1bd76d2-f4c7-4783-877d-d8cdcfc2832a","vary":"Origin","access-control-allow-credentials":"true","ratelimit-policy":"100000;w=900","ratelimit-limit":"100000","ratelimit-remaining":"99994","ratelimit-reset":"900","content-type":"application/json; charset=utf-8","content-length":"986","etag":"W/\"3da-snjR7sxIRW47NzD24ubeLdPKC2Q\""}},"responseTime":1,"msg":"request completed"}
{"level":"info","time":"2026-10-05T05:21:45.228Z","pid":25872,"hostname":"anonymous","req":{"id":1,"method":"POST","url":"/api/v1/auth/register","query":{},"params":{},"headers":{"content-type":"application/json","host":"127.0.0.1:46021","accept-encoding":"gzip, deflate","content-length":"80","connection":"close"},"remoteAddress":"::ffff:127.0.0.1","remotePort":37930},"res":{"statusCode":201,"headers":{"x-powered-by":"Express","x-request-id":"63d50eea-71ef-4416-b1d1-a0e06cf69d92","vary":"Origin","access-control-allow-credentials":"true","ratelimit-policy":"100000;w=900","ratelimit-limit":"100000","ratelimit-remaining":"99999","ratelimit-reset":"900","content-type":"application/json; charset=utf-8","content-length":"109","etag":"W/\"6d-OlJPXAlWaU82u0Dlz3zsQVAMj48\""}},"responseTime":221,"msg":"request completed"}
{"level":"error","time":"2026-10-05T05:21:45.243Z","pid":25872,"hostname":"anonymous","requestId":"696b1f36-f6a2-460c-a312-c1f4ee823f80","method":"GET","path":"/api/v1/auth/verify-email","message":"Invalid request data","stack":"Error: Invalid request data\n    at /mnt/d/Dev/learning 2026/fintech/fintech-backend/src/shared/middleware/requestValidator.middleware.ts:18:19\n    at Layer.handleRequest (/mnt/d/Dev/learning 2026/fintech/fintech-backend/node_modules/router/lib/layer.js:152:17)\n    at next (/mnt/d/Dev/learning 2026/fintech/fintech-backend/node_modules/router/lib/route.js:157:13)\n    at Route.dispatch (/mnt/d/Dev/learning 2026/fintech/fintech-backend/node_modules/router/lib/route.js:117:3)\n    at handle (/mnt/d/Dev/learning 2026/fintech/fintech-backend/node_modules/router/index.js:435:11)\n    at Layer.handleRequest (/mnt/d/Dev/learning 2026/fintech/fintech-backend/node_modules/router/lib/layer.js:152:17)\n    at /mnt/d/Dev/learning 2026/fintech/fintech-backend/node_modules/router/index.js:295:15\n    at processParams (/mnt/d/Dev/learning 2026/fintech/fintech-backend/node_modules/router/index.js:582:12)\n    at next (/mnt/d/Dev/learning 2026/fintech/fintech-backend/node_modules/router/index.js:291:5)\n    at router.handle (/mnt/d/Dev/learning 2026/fintech/fintech-backend/node_modules/router/index.js:186:3)","code":"VALIDATION_ERROR","statusCode":400,"msg":"Unhandled error"}
{"level":"error","time":"2026-10-05T05:21:45.247Z","pid":25872,"hostname":"anonymous","requestId":"ca1f03b8-577e-4766-8520-5c2dc81b131a","method":"POST","path":"/api/v1/auth/register","message":"Invalid request data","stack":"Error: Invalid request data\n    at /mnt/d/Dev/learning 2026/fintech/fintech-backend/src/shared/middleware/requestValidator.middleware.ts:18:19\n    at Layer.handleRequest (/mnt/d/Dev/learning 2026/fintech/fintech-backend/node_modules/router/lib/layer.js:152:17)\n    at next (/mnt/d/Dev/learning 2026/fintech/fintech-backend/node_modules/router/lib/route.js:157:13)\n    at Route.dispatch (/mnt/d/Dev/learning 2026/fintech/fintech-backend/node_modules/router/lib/route.js:117:3)\n    at handle (/mnt/d/Dev/learning 2026/fintech/fintech-backend/node_modules/router/index.js:435:11)\n    at Layer.handleRequest (/mnt/d/Dev/learning 2026/fintech/fintech-backend/node_modules/router/lib/layer.js:152:17)\n    at /mnt/d/Dev/learning 2026/fintech/fintech-backend/node_modules/router/index.js:295:15\n    at processParams (/mnt/d/Dev/learning 2026/fintech/fintech-backend/node_modules/router/index.js:582:12)\n    at next (/mnt/d/Dev/learning 2026/fintech/fintech-backend/node_modules/router/index.js:291:5)\n    at router.handle (/mnt/d/Dev/learning 2026/fintech/fintech-backend/node_modules/router/index.js:186:3)","code":"VALIDATION_ERROR","statusCode":400,"msg":"Unhandled error"}
{"level":"info","time":"2026-10-05T05:21:45.248Z","pid":25872,"hostname":"anonymous","req":{"id":4,"method":"POST","url":"/api/v1/auth/register","query":{},"params":{},"headers":{"content-type":"application/json","host":"127.0.0.1:37883","accept-encoding":"gzip, deflate","content-length":"69","connection":"close"},"remoteAddress":"::ffff:127.0.0.1","remotePort":44924},"res":{"statusCode":400,"headers":{"x-powered-by":"Express","x-request-id":"ca1f03b8-577e-4766-8520-5c2dc81b131a","vary":"Origin","access-control-allow-credentials":"true","ratelimit-policy":"100000;w=900","ratelimit-limit":"100000","ratelimit-remaining":"99996","ratelimit-reset":"900","content-type":"application/json; charset=utf-8","content-length":"76","etag":"W/\"4c-Nz9IPtMHWQj+A8+cDQGpJKDZX2M\""}},"responseTime":2,"msg":"request completed"}
{"level":"info","time":"2026-10-05T05:21:47.209Z","pid":26029,"hostname":"anonymous","msg":"Redis connected"}
{"level":"info","time":"2026-10-05T05:21:50.507Z","pid":26050,"hostname":"anonymous","msg":"Redis connected"}
{"level":"info","time":"2026-10-05T05:21:51.297Z","pid":26069,"hostname":"anonymous","msg":"Redis connected"}
{"level":"info","time":"2026-10-05T05:21:59.479Z","pid":26144,"hostname":"anonymous","msg":"Redis connected"}
{"level":"info","time":"2026-10-05T05:22:01.901Z","pid":26158,"hostname":"anonymous","msg":"Redis connected"}
{"level":"info","time":"2026-10-05T05:22:05.234Z","pid":26255,"hostname":"anonymous","msg":"Redis connected"}
{"level":"info","time":"2026-10-05T05:22:09.327Z","pid":26292,"hostname":"anonymous","msg":"Redis connected"}
{"level":"info","time":"2026-10-05T05:22:10.717Z","pid":26299,"hostname":"anonymous","msg":"Redis connected"}

 Test Files  41 passed (41)
      Tests  198 passed (198)
   Start at  12:21:16
   Duration  54.28s (transform 43.62s, setup 8.36s, import 239.25s, tests 4.30s, environment 5ms)

