
> fintech@1.0.0 test
> vitest

(!) Your Vite config uses features that are unsupported by `configLoader: 'native'`, which is planned to become the default in a future major version of Vite:
  - ESM syntax in a file loaded as CommonJS (vitest.config.ts:1:1). Use a `.mjs` extension or set `"type": "module"` in the closest package.json
Set `VITE_CONFIG_NATIVE_IGNORE_WARNING=true` to suppress this warning.

 RUN  v4.1.11 /mnt/d/Dev/learning 2026/fintech/fintech-backend

 ❯ test/unit/auth.register.role.test.ts (1 test | 1 failed) 11ms
     × adds ADMIN role when the caller registers as an admin 8ms
{"level":"info","time":"2026-10-03T13:35:04.898Z","pid":22777,"hostname":"anonymous","senderUserId":"user-sender","receiverWalletId":"wallet-receiver","amount":100000,"msg":"Transfer started"}
 ❯ test/integration/transaction/transfer.test.ts (18 tests | 1 failed) 40ms
     × notifies both parties and drops the cached balances 5ms
{"level":"info","time":"2026-10-03T13:35:04.899Z","pid":22777,"hostname":"anonymous","referenceNumber":"TRANSFER20261003D428BDB2","msg":"Reference number generated"}
{"level":"info","time":"2026-10-03T13:35:04.900Z","pid":22777,"hostname":"anonymous","senderWalletId":"wallet-sender","receiverWalletId":"wallet-receiver","msg":"Wallet validation completed"}
{"level":"info","time":"2026-10-03T13:35:04.901Z","pid":22777,"hostname":"anonymous","msg":"Transfer validation completed"}
{"level":"info","time":"2026-10-03T13:35:04.902Z","pid":22777,"hostname":"anonymous","transactionId":"txn-1","referenceNumber":"TRANSFER20261003D428BDB2","senderWalletId":"wallet-sender","receiverWalletId":"wallet-receiver","amount":"100000","msg":"Transfer completed"}
{"level":"warn","time":"2026-10-03T13:35:04.903Z","pid":22777,"hostname":"anonymous","transactionId":"txn-1","error":"__vite_ssr_import_4__.walletRepository.findById is not a function","msg":"Transfer completed but post-transfer side effect failed"}
{"level":"info","time":"2026-10-03T13:35:04.903Z","pid":22777,"hostname":"anonymous","senderWalletId":"wallet-sender","receiverWalletId":"wallet-receiver","msg":"Wallet cache invalidated"}
{"level":"info","time":"2026-10-03T13:35:04.904Z","pid":22777,"hostname":"anonymous","senderUserId":"user-sender","receiverWalletId":"wallet-receiver","amount":100000,"msg":"Transfer started"}
{"level":"info","time":"2026-10-03T13:35:04.905Z","pid":22777,"hostname":"anonymous","referenceNumber":"TRANSFER202610033D8ED75A","msg":"Reference number generated"}
{"level":"info","time":"2026-10-03T13:35:04.905Z","pid":22777,"hostname":"anonymous","senderWalletId":"wallet-sender","receiverWalletId":"wallet-receiver","msg":"Wallet validation completed"}
{"level":"info","time":"2026-10-03T13:35:04.905Z","pid":22777,"hostname":"anonymous","msg":"Transfer validation completed"}
{"level":"info","time":"2026-10-03T13:35:04.905Z","pid":22777,"hostname":"anonymous","transactionId":"txn-1","referenceNumber":"TRANSFER202610033D8ED75A","senderWalletId":"wallet-sender","receiverWalletId":"wallet-receiver","amount":"100000","msg":"Transfer completed"}
{"level":"warn","time":"2026-10-03T13:35:04.906Z","pid":22777,"hostname":"anonymous","transactionId":"txn-1","error":"__vite_ssr_import_4__.walletRepository.findById is not a function","msg":"Transfer completed but post-transfer side effect failed"}
{"level":"info","time":"2026-10-03T13:35:04.906Z","pid":22777,"hostname":"anonymous","senderWalletId":"wallet-sender","receiverWalletId":"wallet-receiver","msg":"Wallet cache invalidated"}
{"level":"info","time":"2026-10-03T13:35:04.907Z","pid":22777,"hostname":"anonymous","senderUserId":"user-sender","receiverWalletId":"wallet-receiver","amount":100000,"msg":"Transfer started"}
{"level":"info","time":"2026-10-03T13:35:04.907Z","pid":22777,"hostname":"anonymous","referenceNumber":"TRANSFER202610030911E9B9","msg":"Reference number generated"}
{"level":"info","time":"2026-10-03T13:35:04.907Z","pid":22777,"hostname":"anonymous","senderWalletId":"wallet-sender","receiverWalletId":"wallet-receiver","msg":"Wallet validation completed"}
{"level":"info","time":"2026-10-03T13:35:04.907Z","pid":22777,"hostname":"anonymous","msg":"Transfer validation completed"}
{"level":"info","time":"2026-10-03T13:35:04.907Z","pid":22777,"hostname":"anonymous","transactionId":"txn-1","referenceNumber":"TRANSFER202610030911E9B9","senderWalletId":"wallet-sender","receiverWalletId":"wallet-receiver","amount":"100000","msg":"Transfer completed"}
{"level":"warn","time":"2026-10-03T13:35:04.908Z","pid":22777,"hostname":"anonymous","transactionId":"txn-1","error":"__vite_ssr_import_4__.walletRepository.findById is not a function","msg":"Transfer completed but post-transfer side effect failed"}
{"level":"info","time":"2026-10-03T13:35:04.908Z","pid":22777,"hostname":"anonymous","senderWalletId":"wallet-sender","receiverWalletId":"wallet-receiver","msg":"Wallet cache invalidated"}
{"level":"info","time":"2026-10-03T13:35:04.908Z","pid":22777,"hostname":"anonymous","senderUserId":"user-sender","receiverWalletId":"wallet-receiver","amount":100000,"msg":"Transfer started"}
{"level":"info","time":"2026-10-03T13:35:04.909Z","pid":22777,"hostname":"anonymous","referenceNumber":"TRANSFER202610033E723ADB","msg":"Reference number generated"}
{"level":"info","time":"2026-10-03T13:35:04.909Z","pid":22777,"hostname":"anonymous","senderWalletId":"wallet-sender","receiverWalletId":"wallet-receiver","msg":"Wallet validation completed"}
{"level":"info","time":"2026-10-03T13:35:04.909Z","pid":22777,"hostname":"anonymous","msg":"Transfer validation completed"}
{"level":"info","time":"2026-10-03T13:35:04.909Z","pid":22777,"hostname":"anonymous","transactionId":"txn-1","referenceNumber":"TRANSFER202610033E723ADB","senderWalletId":"wallet-sender","receiverWalletId":"wallet-receiver","amount":"100000","msg":"Transfer completed"}
{"level":"warn","time":"2026-10-03T13:35:04.909Z","pid":22777,"hostname":"anonymous","transactionId":"txn-1","error":"__vite_ssr_import_4__.walletRepository.findById is not a function","msg":"Transfer completed but post-transfer side effect failed"}
{"level":"info","time":"2026-10-03T13:35:04.909Z","pid":22777,"hostname":"anonymous","senderWalletId":"wallet-sender","receiverWalletId":"wallet-receiver","msg":"Wallet cache invalidated"}
{"level":"info","time":"2026-10-03T13:35:04.911Z","pid":22777,"hostname":"anonymous","senderUserId":"user-sender","receiverWalletId":"wallet-receiver","amount":100000,"msg":"Transfer started"}
{"level":"info","time":"2026-10-03T13:35:04.911Z","pid":22777,"hostname":"anonymous","referenceNumber":"TRANSFER202610037F198E4D","msg":"Reference number generated"}
{"level":"info","time":"2026-10-03T13:35:04.911Z","pid":22777,"hostname":"anonymous","senderWalletId":"wallet-sender","receiverWalletId":"wallet-receiver","msg":"Wallet validation completed"}
{"level":"info","time":"2026-10-03T13:35:04.912Z","pid":22777,"hostname":"anonymous","msg":"Transfer validation completed"}
{"level":"info","time":"2026-10-03T13:35:04.912Z","pid":22777,"hostname":"anonymous","transactionId":"txn-1","referenceNumber":"TRANSFER202610037F198E4D","senderWalletId":"wallet-sender","receiverWalletId":"wallet-receiver","amount":"100000","msg":"Transfer completed"}
{"level":"warn","time":"2026-10-03T13:35:04.912Z","pid":22777,"hostname":"anonymous","transactionId":"txn-1","error":"__vite_ssr_import_4__.walletRepository.findById is not a function","msg":"Transfer completed but post-transfer side effect failed"}
{"level":"info","time":"2026-10-03T13:35:04.912Z","pid":22777,"hostname":"anonymous","senderWalletId":"wallet-sender","receiverWalletId":"wallet-receiver","msg":"Wallet cache invalidated"}
{"level":"info","time":"2026-10-03T13:35:04.913Z","pid":22777,"hostname":"anonymous","senderUserId":"user-sender","receiverWalletId":"wallet-receiver","amount":100000,"msg":"Transfer started"}
{"level":"info","time":"2026-10-03T13:35:04.913Z","pid":22777,"hostname":"anonymous","referenceNumber":"TRANSFER20261003189791B9","msg":"Reference number generated"}
{"level":"info","time":"2026-10-03T13:35:04.914Z","pid":22777,"hostname":"anonymous","senderWalletId":"wallet-sender","receiverWalletId":"wallet-receiver","msg":"Wallet validation completed"}
{"level":"info","time":"2026-10-03T13:35:04.914Z","pid":22777,"hostname":"anonymous","msg":"Transfer validation completed"}
{"level":"info","time":"2026-10-03T13:35:04.914Z","pid":22777,"hostname":"anonymous","transactionId":"txn-1","referenceNumber":"TRANSFER20261003189791B9","senderWalletId":"wallet-sender","receiverWalletId":"wallet-receiver","amount":"100000","msg":"Transfer completed"}
{"level":"warn","time":"2026-10-03T13:35:04.914Z","pid":22777,"hostname":"anonymous","transactionId":"txn-1","error":"__vite_ssr_import_4__.walletRepository.findById is not a function","msg":"Transfer completed but post-transfer side effect failed"}
{"level":"info","time":"2026-10-03T13:35:04.914Z","pid":22777,"hostname":"anonymous","senderWalletId":"wallet-sender","receiverWalletId":"wallet-receiver","msg":"Wallet cache invalidated"}
{"level":"info","time":"2026-10-03T13:35:04.915Z","pid":22777,"hostname":"anonymous","senderUserId":"user-sender","receiverWalletId":"wallet-receiver","amount":100000,"msg":"Transfer started"}
{"level":"info","time":"2026-10-03T13:35:04.916Z","pid":22777,"hostname":"anonymous","referenceNumber":"TRANSFER202610037BF0E664","msg":"Reference number generated"}
{"level":"info","time":"2026-10-03T13:35:04.916Z","pid":22777,"hostname":"anonymous","senderWalletId":"wallet-sender","receiverWalletId":"wallet-receiver","msg":"Wallet validation completed"}
{"level":"info","time":"2026-10-03T13:35:04.916Z","pid":22777,"hostname":"anonymous","msg":"Transfer validation completed"}
{"level":"info","time":"2026-10-03T13:35:04.918Z","pid":22777,"hostname":"anonymous","senderUserId":"user-sender","receiverWalletId":"wallet-receiver","amount":100000,"msg":"Transfer started"}
{"level":"info","time":"2026-10-03T13:35:04.918Z","pid":22777,"hostname":"anonymous","referenceNumber":"TRANSFER20261003377C53EC","msg":"Reference number generated"}
{"level":"info","time":"2026-10-03T13:35:04.918Z","pid":22777,"hostname":"anonymous","senderWalletId":"wallet-sender","receiverWalletId":"wallet-receiver","msg":"Wallet validation completed"}
{"level":"info","time":"2026-10-03T13:35:04.918Z","pid":22777,"hostname":"anonymous","msg":"Transfer validation completed"}
{"level":"info","time":"2026-10-03T13:35:04.919Z","pid":22777,"hostname":"anonymous","senderUserId":"user-sender","receiverWalletId":"wallet-receiver","amount":100000,"msg":"Transfer started"}
{"level":"info","time":"2026-10-03T13:35:04.920Z","pid":22777,"hostname":"anonymous","senderUserId":"user-sender","receiverWalletId":"wallet-receiver","amount":100000,"msg":"Transfer started"}
{"level":"info","time":"2026-10-03T13:35:04.920Z","pid":22777,"hostname":"anonymous","referenceNumber":"TRANSFER20261003F21265DA","msg":"Reference number generated"}
{"level":"info","time":"2026-10-03T13:35:04.920Z","pid":22777,"hostname":"anonymous","senderWalletId":"wallet-sender","receiverWalletId":"wallet-receiver","msg":"Wallet validation completed"}
{"level":"info","time":"2026-10-03T13:35:04.921Z","pid":22777,"hostname":"anonymous","msg":"Transfer validation completed"}
{"level":"info","time":"2026-10-03T13:35:04.922Z","pid":22777,"hostname":"anonymous","senderUserId":"user-sender","receiverWalletId":"wallet-receiver","amount":100000,"msg":"Transfer started"}
{"level":"info","time":"2026-10-03T13:35:04.924Z","pid":22777,"hostname":"anonymous","referenceNumber":"TRANSFER20261003F5ED2C48","msg":"Reference number generated"}
{"level":"info","time":"2026-10-03T13:35:04.924Z","pid":22777,"hostname":"anonymous","senderWalletId":"wallet-sender","receiverWalletId":"wallet-receiver","msg":"Wallet validation completed"}
{"level":"warn","time":"2026-10-03T13:35:04.924Z","pid":22777,"hostname":"anonymous","walletId":"wallet-sender","attemptedAmount":"100000","todayAmount":"2000000","limit":"2000000","msg":"Daily transfer limit exceeded for user"}
{"level":"info","time":"2026-10-03T13:35:04.924Z","pid":22777,"hostname":"anonymous","senderUserId":"user-sender","receiverWalletId":"wallet-receiver","amount":100000,"msg":"Transfer started"}
{"level":"info","time":"2026-10-03T13:35:04.925Z","pid":22777,"hostname":"anonymous","referenceNumber":"TRANSFER202610035602496C","msg":"Reference number generated"}
{"level":"info","time":"2026-10-03T13:35:04.925Z","pid":22777,"hostname":"anonymous","senderWalletId":"wallet-sender","receiverWalletId":"wallet-receiver","msg":"Wallet validation completed"}
{"level":"info","time":"2026-10-03T13:35:04.925Z","pid":22777,"hostname":"anonymous","msg":"Transfer validation completed"}
{"level":"info","time":"2026-10-03T13:35:04.925Z","pid":22777,"hostname":"anonymous","senderUserId":"user-sender","receiverWalletId":"wallet-receiver","amount":100000,"msg":"Transfer started"}
{"level":"info","time":"2026-10-03T13:35:04.926Z","pid":22777,"hostname":"anonymous","referenceNumber":"TRANSFER2026100370BEE727","msg":"Reference number generated"}
{"level":"info","time":"2026-10-03T13:35:04.926Z","pid":22777,"hostname":"anonymous","senderWalletId":"wallet-sender","receiverWalletId":"wallet-receiver","msg":"Wallet validation completed"}
{"level":"info","time":"2026-10-03T13:35:04.926Z","pid":22777,"hostname":"anonymous","msg":"Transfer validation completed"}
{"level":"info","time":"2026-10-03T13:35:04.926Z","pid":22777,"hostname":"anonymous","senderUserId":"user-sender","receiverWalletId":"wallet-sender","amount":100000,"msg":"Transfer started"}
{"level":"info","time":"2026-10-03T13:35:04.926Z","pid":22777,"hostname":"anonymous","referenceNumber":"TRANSFER2026100373B0DDD0","msg":"Reference number generated"}
{"level":"info","time":"2026-10-03T13:35:04.927Z","pid":22777,"hostname":"anonymous","senderUserId":"user-sender","receiverWalletId":"wallet-receiver","amount":10000001,"msg":"Transfer started"}
{"level":"info","time":"2026-10-03T13:35:04.927Z","pid":22777,"hostname":"anonymous","referenceNumber":"TRANSFER202610037C072967","msg":"Reference number generated"}
{"level":"info","time":"2026-10-03T13:35:04.927Z","pid":22777,"hostname":"anonymous","senderWalletId":"wallet-sender","receiverWalletId":"wallet-receiver","msg":"Wallet validation completed"}
{"level":"warn","time":"2026-10-03T13:35:04.927Z","pid":22777,"hostname":"anonymous","walletId":"wallet-sender","attemptedAmount":"10000001","todayAmount":"0","limit":"2000000","msg":"Daily transfer limit exceeded for user"}
{"level":"info","time":"2026-10-03T13:35:04.928Z","pid":22777,"hostname":"anonymous","senderUserId":"user-sender","receiverWalletId":"wallet-receiver","amount":100000,"msg":"Transfer started"}
{"level":"info","time":"2026-10-03T13:35:04.928Z","pid":22777,"hostname":"anonymous","referenceNumber":"TRANSFER2026100312A3D35F","msg":"Reference number generated"}
{"level":"info","time":"2026-10-03T13:35:04.928Z","pid":22777,"hostname":"anonymous","senderWalletId":"wallet-sender","receiverWalletId":"wallet-receiver","msg":"Wallet validation completed"}
{"level":"info","time":"2026-10-03T13:35:04.928Z","pid":22777,"hostname":"anonymous","senderUserId":"user-sender","receiverWalletId":"wallet-receiver","amount":100000,"msg":"Transfer started"}
{"level":"info","time":"2026-10-03T13:35:04.928Z","pid":22777,"hostname":"anonymous","referenceNumber":"TRANSFER202610038186BC61","msg":"Reference number generated"}
{"level":"info","time":"2026-10-03T13:35:04.928Z","pid":22777,"hostname":"anonymous","senderWalletId":"wallet-sender","receiverWalletId":"wallet-receiver","msg":"Wallet validation completed"}
{"level":"info","time":"2026-10-03T13:35:04.929Z","pid":22777,"hostname":"anonymous","msg":"Transfer validation completed"}
{"level":"info","time":"2026-10-03T13:35:04.929Z","pid":22777,"hostname":"anonymous","transactionId":"txn-1","referenceNumber":"TRANSFER202610038186BC61","senderWalletId":"wallet-sender","receiverWalletId":"wallet-receiver","amount":"100000","msg":"Transfer completed"}
{"level":"warn","time":"2026-10-03T13:35:04.929Z","pid":22777,"hostname":"anonymous","transactionId":"txn-1","error":"__vite_ssr_import_4__.walletRepository.findById is not a function","msg":"Transfer completed but post-transfer side effect failed"}
{"level":"info","time":"2026-10-03T13:35:04.929Z","pid":22777,"hostname":"anonymous","senderWalletId":"wallet-sender","receiverWalletId":"wallet-receiver","msg":"Wallet cache invalidated"}
{"level":"info","time":"2026-10-03T13:35:04.934Z","pid":22777,"hostname":"anonymous","senderUserId":"user-sender","receiverWalletId":"wallet-receiver","amount":100000,"msg":"Transfer started"}
{"level":"info","time":"2026-10-03T13:35:04.934Z","pid":22777,"hostname":"anonymous","referenceNumber":"TRANSFER2026100339357525","msg":"Reference number generated"}
{"level":"info","time":"2026-10-03T13:35:04.934Z","pid":22777,"hostname":"anonymous","senderWalletId":"wallet-sender","receiverWalletId":"wallet-receiver","msg":"Wallet validation completed"}
{"level":"info","time":"2026-10-03T13:35:04.934Z","pid":22777,"hostname":"anonymous","msg":"Transfer validation completed"}
{"level":"info","time":"2026-10-03T13:35:04.934Z","pid":22777,"hostname":"anonymous","transactionId":"txn-1","referenceNumber":"TRANSFER2026100339357525","senderWalletId":"wallet-sender","receiverWalletId":"wallet-receiver","amount":"100000","msg":"Transfer completed"}
{"level":"warn","time":"2026-10-03T13:35:04.934Z","pid":22777,"hostname":"anonymous","transactionId":"txn-1","error":"__vite_ssr_import_4__.walletRepository.findById is not a function","msg":"Transfer completed but post-transfer side effect failed"}
{"level":"info","time":"2026-10-03T13:35:04.934Z","pid":22777,"hostname":"anonymous","senderWalletId":"wallet-sender","receiverWalletId":"wallet-receiver","msg":"Wallet cache invalidated"}
{"level":"info","time":"2026-10-03T13:35:08.361Z","pid":22819,"hostname":"anonymous","senderUserId":"user-sender","receiverWalletId":"wallet-receiver","amount":100000,"msg":"Transfer started"}
{"level":"info","time":"2026-10-03T13:35:08.362Z","pid":22819,"hostname":"anonymous","referenceNumber":"TRANSFER202610036A04D39E","msg":"Reference number generated"}
{"level":"info","time":"2026-10-03T13:35:08.363Z","pid":22819,"hostname":"anonymous","senderWalletId":"wallet-sender","receiverWalletId":"wallet-receiver","msg":"Wallet validation completed"}
{"level":"info","time":"2026-10-03T13:35:08.363Z","pid":22819,"hostname":"anonymous","msg":"Transfer validation completed"}
{"level":"info","time":"2026-10-03T13:35:08.365Z","pid":22819,"hostname":"anonymous","transactionId":"txn-1","referenceNumber":"TRANSFER202610036A04D39E","senderWalletId":"wallet-sender","receiverWalletId":"wallet-receiver","amount":"100000","msg":"Transfer completed"}
{"level":"warn","time":"2026-10-03T13:35:08.365Z","pid":22819,"hostname":"anonymous","transactionId":"txn-1","error":"__vite_ssr_import_4__.walletRepository.findById is not a function","msg":"Transfer completed but post-transfer side effect failed"}
{"level":"info","time":"2026-10-03T13:35:08.365Z","pid":22819,"hostname":"anonymous","senderWalletId":"wallet-sender","receiverWalletId":"wallet-receiver","msg":"Wallet cache invalidated"}
{"level":"info","time":"2026-10-03T13:35:08.368Z","pid":22819,"hostname":"anonymous","senderUserId":"user-sender","receiverWalletId":"wallet-receiver","amount":100000,"msg":"Transfer started"}
{"level":"info","time":"2026-10-03T13:35:08.369Z","pid":22819,"hostname":"anonymous","referenceNumber":"TRANSFER2026100398878B66","msg":"Reference number generated"}
{"level":"info","time":"2026-10-03T13:35:08.369Z","pid":22819,"hostname":"anonymous","senderWalletId":"wallet-sender","receiverWalletId":"wallet-receiver","msg":"Wallet validation completed"}
{"level":"info","time":"2026-10-03T13:35:08.369Z","pid":22819,"hostname":"anonymous","msg":"Transfer validation completed"}
{"level":"info","time":"2026-10-03T13:35:08.369Z","pid":22819,"hostname":"anonymous","transactionId":"txn-1","referenceNumber":"TRANSFER2026100398878B66","senderWalletId":"wallet-sender","receiverWalletId":"wallet-receiver","amount":"100000","msg":"Transfer completed"}
{"level":"warn","time":"2026-10-03T13:35:08.369Z","pid":22819,"hostname":"anonymous","transactionId":"txn-1","error":"__vite_ssr_import_4__.walletRepository.findById is not a function","msg":"Transfer completed but post-transfer side effect failed"}
{"level":"info","time":"2026-10-03T13:35:08.369Z","pid":22819,"hostname":"anonymous","senderWalletId":"wallet-sender","receiverWalletId":"wallet-receiver","msg":"Wallet cache invalidated"}
{"level":"info","time":"2026-10-03T13:35:08.371Z","pid":22819,"hostname":"anonymous","senderUserId":"user-sender","receiverWalletId":"wallet-receiver","amount":100000,"msg":"Transfer started"}
{"level":"info","time":"2026-10-03T13:35:08.371Z","pid":22819,"hostname":"anonymous","referenceNumber":"TRANSFER202610030A80A9AF","msg":"Reference number generated"}
{"level":"info","time":"2026-10-03T13:35:08.371Z","pid":22819,"hostname":"anonymous","senderWalletId":"wallet-sender","receiverWalletId":"wallet-receiver","msg":"Wallet validation completed"}
{"level":"info","time":"2026-10-03T13:35:08.371Z","pid":22819,"hostname":"anonymous","msg":"Transfer validation completed"}
{"level":"info","time":"2026-10-03T13:35:08.371Z","pid":22819,"hostname":"anonymous","transactionId":"txn-1","referenceNumber":"TRANSFER202610030A80A9AF","senderWalletId":"wallet-sender","receiverWalletId":"wallet-receiver","amount":"100000","msg":"Transfer completed"}
{"level":"warn","time":"2026-10-03T13:35:08.371Z","pid":22819,"hostname":"anonymous","transactionId":"txn-1","error":"__vite_ssr_import_4__.walletRepository.findById is not a function","msg":"Transfer completed but post-transfer side effect failed"}
{"level":"info","time":"2026-10-03T13:35:08.371Z","pid":22819,"hostname":"anonymous","senderWalletId":"wallet-sender","receiverWalletId":"wallet-receiver","msg":"Wallet cache invalidated"}
{"level":"info","time":"2026-10-03T13:35:08.372Z","pid":22819,"hostname":"anonymous","senderUserId":"user-sender","receiverWalletId":"wallet-receiver","amount":100000,"msg":"Transfer started"}
{"level":"info","time":"2026-10-03T13:35:08.372Z","pid":22819,"hostname":"anonymous","referenceNumber":"TRANSFER20261003DC170612","msg":"Reference number generated"}
{"level":"info","time":"2026-10-03T13:35:08.372Z","pid":22819,"hostname":"anonymous","senderWalletId":"wallet-sender","receiverWalletId":"wallet-receiver","msg":"Wallet validation completed"}
{"level":"info","time":"2026-10-03T13:35:08.373Z","pid":22819,"hostname":"anonymous","msg":"Transfer validation completed"}
{"level":"info","time":"2026-10-03T13:35:08.373Z","pid":22819,"hostname":"anonymous","transactionId":"txn-1","referenceNumber":"TRANSFER20261003DC170612","senderWalletId":"wallet-sender","receiverWalletId":"wallet-receiver","amount":"100000","msg":"Transfer completed"}
{"level":"warn","time":"2026-10-03T13:35:08.373Z","pid":22819,"hostname":"anonymous","transactionId":"txn-1","error":"__vite_ssr_import_4__.walletRepository.findById is not a function","msg":"Transfer completed but post-transfer side effect failed"}
{"level":"info","time":"2026-10-03T13:35:08.373Z","pid":22819,"hostname":"anonymous","senderWalletId":"wallet-sender","receiverWalletId":"wallet-receiver","msg":"Wallet cache invalidated"}
{"level":"info","time":"2026-10-03T13:35:08.374Z","pid":22819,"hostname":"anonymous","senderUserId":"user-sender","receiverWalletId":"wallet-receiver","amount":100000,"msg":"Transfer started"}
{"level":"info","time":"2026-10-03T13:35:08.374Z","pid":22819,"hostname":"anonymous","referenceNumber":"TRANSFER20261003356481A7","msg":"Reference number generated"}
{"level":"info","time":"2026-10-03T13:35:08.374Z","pid":22819,"hostname":"anonymous","senderWalletId":"wallet-sender","receiverWalletId":"wallet-receiver","msg":"Wallet validation completed"}
{"level":"info","time":"2026-10-03T13:35:08.374Z","pid":22819,"hostname":"anonymous","msg":"Transfer validation completed"}
{"level":"info","time":"2026-10-03T13:35:08.374Z","pid":22819,"hostname":"anonymous","transactionId":"txn-1","referenceNumber":"TRANSFER20261003356481A7","senderWalletId":"wallet-sender","receiverWalletId":"wallet-receiver","amount":"100000","msg":"Transfer completed"}
{"level":"warn","time":"2026-10-03T13:35:08.375Z","pid":22819,"hostname":"anonymous","transactionId":"txn-1","error":"__vite_ssr_import_4__.walletRepository.findById is not a function","msg":"Transfer completed but post-transfer side effect failed"}
{"level":"info","time":"2026-10-03T13:35:08.375Z","pid":22819,"hostname":"anonymous","senderWalletId":"wallet-sender","receiverWalletId":"wallet-receiver","msg":"Wallet cache invalidated"}
{"level":"info","time":"2026-10-03T13:35:08.376Z","pid":22819,"hostname":"anonymous","senderUserId":"user-sender","receiverWalletId":"wallet-receiver","amount":100000,"msg":"Transfer started"}
{"level":"info","time":"2026-10-03T13:35:08.376Z","pid":22819,"hostname":"anonymous","referenceNumber":"TRANSFER202610035CBBA9A9","msg":"Reference number generated"}
{"level":"info","time":"2026-10-03T13:35:08.376Z","pid":22819,"hostname":"anonymous","senderWalletId":"wallet-sender","receiverWalletId":"wallet-receiver","msg":"Wallet validation completed"}
{"level":"info","time":"2026-10-03T13:35:08.376Z","pid":22819,"hostname":"anonymous","msg":"Transfer validation completed"}
{"level":"info","time":"2026-10-03T13:35:08.376Z","pid":22819,"hostname":"anonymous","transactionId":"txn-1","referenceNumber":"TRANSFER202610035CBBA9A9","senderWalletId":"wallet-sender","receiverWalletId":"wallet-receiver","amount":"100000","msg":"Transfer completed"}
{"level":"warn","time":"2026-10-03T13:35:08.376Z","pid":22819,"hostname":"anonymous","transactionId":"txn-1","error":"__vite_ssr_import_4__.walletRepository.findById is not a function","msg":"Transfer completed but post-transfer side effect failed"}
{"level":"info","time":"2026-10-03T13:35:08.376Z","pid":22819,"hostname":"anonymous","senderWalletId":"wallet-sender","receiverWalletId":"wallet-receiver","msg":"Wallet cache invalidated"}
{"level":"info","time":"2026-10-03T13:35:08.378Z","pid":22819,"hostname":"anonymous","senderUserId":"user-sender","receiverWalletId":"wallet-receiver","amount":100000,"msg":"Transfer started"}
{"level":"info","time":"2026-10-03T13:35:08.378Z","pid":22819,"hostname":"anonymous","referenceNumber":"TRANSFER202610037FF24921","msg":"Reference number generated"}
{"level":"info","time":"2026-10-03T13:35:08.378Z","pid":22819,"hostname":"anonymous","senderWalletId":"wallet-sender","receiverWalletId":"wallet-receiver","msg":"Wallet validation completed"}
{"level":"info","time":"2026-10-03T13:35:08.378Z","pid":22819,"hostname":"anonymous","msg":"Transfer validation completed"}
{"level":"info","time":"2026-10-03T13:35:08.378Z","pid":22819,"hostname":"anonymous","transactionId":"txn-1","referenceNumber":"TRANSFER202610037FF24921","senderWalletId":"wallet-sender","receiverWalletId":"wallet-receiver","amount":"100000","msg":"Transfer completed"}
{"level":"warn","time":"2026-10-03T13:35:08.378Z","pid":22819,"hostname":"anonymous","transactionId":"txn-1","error":"__vite_ssr_import_4__.walletRepository.findById is not a function","msg":"Transfer completed but post-transfer side effect failed"}
{"level":"info","time":"2026-10-03T13:35:08.378Z","pid":22819,"hostname":"anonymous","senderWalletId":"wallet-sender","receiverWalletId":"wallet-receiver","msg":"Wallet cache invalidated"}
{"level":"info","time":"2026-10-03T13:35:08.379Z","pid":22819,"hostname":"anonymous","senderUserId":"user-sender","receiverWalletId":"wallet-receiver","amount":37499,"msg":"Transfer started"}
{"level":"info","time":"2026-10-03T13:35:08.379Z","pid":22819,"hostname":"anonymous","referenceNumber":"TRANSFER20261003AE2A0D3C","msg":"Reference number generated"}
{"level":"info","time":"2026-10-03T13:35:08.380Z","pid":22819,"hostname":"anonymous","senderWalletId":"wallet-sender","receiverWalletId":"wallet-receiver","msg":"Wallet validation completed"}
{"level":"info","time":"2026-10-03T13:35:08.380Z","pid":22819,"hostname":"anonymous","msg":"Transfer validation completed"}
{"level":"info","time":"2026-10-03T13:35:08.380Z","pid":22819,"hostname":"anonymous","transactionId":"txn-1","referenceNumber":"TRANSFER20261003AE2A0D3C","senderWalletId":"wallet-sender","receiverWalletId":"wallet-receiver","amount":"37499","msg":"Transfer completed"}
{"level":"warn","time":"2026-10-03T13:35:08.380Z","pid":22819,"hostname":"anonymous","transactionId":"txn-1","error":"__vite_ssr_import_4__.walletRepository.findById is not a function","msg":"Transfer completed but post-transfer side effect failed"}
{"level":"info","time":"2026-10-03T13:35:08.380Z","pid":22819,"hostname":"anonymous","senderWalletId":"wallet-sender","receiverWalletId":"wallet-receiver","msg":"Wallet cache invalidated"}
{"level":"info","time":"2026-10-03T13:35:08.381Z","pid":22819,"hostname":"anonymous","senderUserId":"user-sender","receiverWalletId":"wallet-receiver","amount":100000,"msg":"Transfer started"}
{"level":"info","time":"2026-10-03T13:35:08.381Z","pid":22819,"hostname":"anonymous","referenceNumber":"TRANSFER20261003C946C676","msg":"Reference number generated"}
{"level":"info","time":"2026-10-03T13:35:08.381Z","pid":22819,"hostname":"anonymous","senderWalletId":"wallet-sender","receiverWalletId":"wallet-receiver","msg":"Wallet validation completed"}
{"level":"info","time":"2026-10-03T13:35:08.382Z","pid":22819,"hostname":"anonymous","msg":"Transfer validation completed"}
{"level":"info","time":"2026-10-03T13:35:08.382Z","pid":22819,"hostname":"anonymous","transactionId":"txn-1","referenceNumber":"TRANSFER20261003C946C676","senderWalletId":"wallet-sender","receiverWalletId":"wallet-receiver","amount":"100000","msg":"Transfer completed"}
{"level":"warn","time":"2026-10-03T13:35:08.382Z","pid":22819,"hostname":"anonymous","transactionId":"txn-1","error":"__vite_ssr_import_4__.walletRepository.findById is not a function","msg":"Transfer completed but post-transfer side effect failed"}
{"level":"info","time":"2026-10-03T13:35:08.382Z","pid":22819,"hostname":"anonymous","senderWalletId":"wallet-sender","receiverWalletId":"wallet-receiver","msg":"Wallet cache invalidated"}
{"level":"info","time":"2026-10-03T13:35:08.383Z","pid":22819,"hostname":"anonymous","senderUserId":"user-sender","receiverWalletId":"wallet-receiver","amount":100000,"msg":"Transfer started"}
{"level":"info","time":"2026-10-03T13:35:08.383Z","pid":22819,"hostname":"anonymous","referenceNumber":"TRANSFER202610035592E751","msg":"Reference number generated"}
{"level":"info","time":"2026-10-03T13:35:08.384Z","pid":22819,"hostname":"anonymous","senderWalletId":"wallet-sender","receiverWalletId":"wallet-receiver","msg":"Wallet validation completed"}
{"level":"info","time":"2026-10-03T13:35:08.384Z","pid":22819,"hostname":"anonymous","msg":"Transfer validation completed"}
{"level":"info","time":"2026-10-03T13:35:08.670Z","pid":22770,"hostname":"anonymous","msg":"Redis connected"}
{"level":"info","time":"2026-10-03T13:35:08.670Z","pid":22771,"hostname":"anonymous","msg":"Redis connected"}
{"level":"info","time":"2026-10-03T13:35:13.376Z","pid":22771,"hostname":"anonymous","msg":"SMTP Connected"}
{"level":"info","time":"2026-10-03T13:35:13.400Z","pid":22770,"hostname":"anonymous","msg":"SMTP Connected"}
{"level":"info","time":"2026-10-03T13:35:16.076Z","pid":22783,"hostname":"anonymous","msg":"Redis connected"}
{"level":"info","time":"2026-10-03T13:35:16.098Z","pid":22783,"hostname":"anonymous","userId":"user-1","amount":100000,"msg":"Creating withdrawal"}
{"level":"error","time":"2026-10-03T13:35:16.157Z","pid":22783,"hostname":"anonymous","error":{"userId":"user-1","type":"WITHDRAW_PENDING","error":"Cannot read properties of undefined (reading 'findUnique')"},"msg":"Failed to dispatch financial notification"}
{"level":"info","time":"2026-10-03T13:35:16.158Z","pid":22783,"hostname":"anonymous","userId":"user-1","amount":9999,"msg":"Creating withdrawal"}
{"level":"info","time":"2026-10-03T13:35:16.161Z","pid":22783,"hostname":"anonymous","userId":"user-1","amount":10000001,"msg":"Creating withdrawal"}
{"level":"info","time":"2026-10-03T13:35:16.162Z","pid":22783,"hostname":"anonymous","withdrawalId":"wd-1","msg":"Withdrawal WD20260101ABCDEF12 cancelled for user user-1"}
{"level":"info","time":"2026-10-03T13:35:16.163Z","pid":22783,"hostname":"anonymous","withdrawalId":"wd-1","msg":"Withdrawal WD20260101ABCDEF12 cancelled for user user-1"}
{"level":"info","time":"2026-10-03T13:35:16.163Z","pid":22783,"hostname":"anonymous","withdrawalId":"wd-1","msg":"Withdrawal WD20260101ABCDEF12 cancelled for user user-1"}
{"level":"info","time":"2026-10-03T13:35:18.034Z","pid":22789,"hostname":"anonymous","msg":"Redis connected"}
{"level":"error","time":"2026-10-03T13:35:18.791Z","pid":22789,"hostname":"anonymous","method":"GET","path":"/api/v1/wallet","message":"Wallet not found","stack":"Error: Wallet not found\n    at /mnt/d/Dev/learning 2026/fintech/fintech-backend/test/integration/wallet/wallet.endpoint.test.ts:117:7\n    at file:///mnt/d/Dev/learning%202026/fintech/fintech-backend/node_modules/@vitest/runner/dist/chunk-artifact.js:302:11\n    at file:///mnt/d/Dev/learning%202026/fintech/fintech-backend/node_modules/@vitest/runner/dist/chunk-artifact.js:1903:26\n    at file:///mnt/d/Dev/learning%202026/fintech/fintech-backend/node_modules/@vitest/runner/dist/chunk-artifact.js:2326:20\n    at new Promise (<anonymous>)\n    at runWithCancel (file:///mnt/d/Dev/learning%202026/fintech/fintech-backend/node_modules/@vitest/runner/dist/chunk-artifact.js:2323:10)\n    at file:///mnt/d/Dev/learning%202026/fintech/fintech-backend/node_modules/@vitest/runner/dist/chunk-artifact.js:2305:20\n    at new Promise (<anonymous>)\n    at runWithTimeout (file:///mnt/d/Dev/learning%202026/fintech/fintech-backend/node_modules/@vitest/runner/dist/chunk-artifact.js:2272:10)\n    at file:///mnt/d/Dev/learning%202026/fintech/fintech-backend/node_modules/@vitest/runner/dist/chunk-artifact.js:2956:64","code":"NOT_FOUND","statusCode":404,"msg":"Unhandled error"}
{"level":"info","time":"2026-10-03T13:35:19.819Z","pid":22771,"hostname":"anonymous","req":{"id":1,"method":"GET","url":"/api/v1/dashboard","query":{},"params":{},"headers":{"authorization":"[REDACTED]","host":"127.0.0.1:37381","accept-encoding":"gzip, deflate","connection":"close"},"remoteAddress":"::ffff:127.0.0.1","remotePort":51616},"res":{"statusCode":200,"headers":{"x-powered-by":"Express","x-request-id":"24e2a8d7-9bdf-4724-b2ba-576846c714c6","vary":"Origin","access-control-allow-credentials":"true","ratelimit-policy":"100000;w=900","ratelimit-limit":"100000","ratelimit-remaining":"99999","ratelimit-reset":"900","content-type":"application/json; charset=utf-8","content-length":"1087","etag":"W/\"43f-icvIMYbEzXvZu7U6RpAdxY1N3r0\""}},"responseTime":10,"msg":"request completed"}
{"level":"error","time":"2026-10-03T13:35:19.834Z","pid":22771,"hostname":"anonymous","requestId":"ccb92dc6-82db-4bab-bad4-8f23aabf2ffa","method":"GET","path":"/api/v1/dashboard","message":"Unauthorized","stack":"Error: Unauthorized\n    at authMiddleware (/mnt/d/Dev/learning 2026/fintech/fintech-backend/src/shared/middleware/auth.middleware.ts:16:19)\n    at Layer.handleRequest (/mnt/d/Dev/learning 2026/fintech/fintech-backend/node_modules/router/lib/layer.js:152:17)\n    at next (/mnt/d/Dev/learning 2026/fintech/fintech-backend/node_modules/router/lib/route.js:157:13)\n    at Route.dispatch (/mnt/d/Dev/learning 2026/fintech/fintech-backend/node_modules/router/lib/route.js:117:3)\n    at handle (/mnt/d/Dev/learning 2026/fintech/fintech-backend/node_modules/router/index.js:435:11)\n    at Layer.handleRequest (/mnt/d/Dev/learning 2026/fintech/fintech-backend/node_modules/router/lib/layer.js:152:17)\n    at /mnt/d/Dev/learning 2026/fintech/fintech-backend/node_modules/router/index.js:295:15\n    at processParams (/mnt/d/Dev/learning 2026/fintech/fintech-backend/node_modules/router/index.js:582:12)\n    at next (/mnt/d/Dev/learning 2026/fintech/fintech-backend/node_modules/router/index.js:291:5)\n    at router.handle (/mnt/d/Dev/learning 2026/fintech/fintech-backend/node_modules/router/index.js:186:3)","code":"UNAUTHORIZED","statusCode":401,"msg":"Unhandled error"}
{"level":"info","time":"2026-10-03T13:35:19.835Z","pid":22771,"hostname":"anonymous","req":{"id":2,"method":"GET","url":"/api/v1/dashboard","query":{},"params":{},"headers":{"host":"127.0.0.1:34191","accept-encoding":"gzip, deflate","connection":"close"},"remoteAddress":"::ffff:127.0.0.1","remotePort":36186},"res":{"statusCode":401,"headers":{"x-powered-by":"Express","x-request-id":"ccb92dc6-82db-4bab-bad4-8f23aabf2ffa","vary":"Origin","access-control-allow-credentials":"true","ratelimit-policy":"100000;w=900","ratelimit-limit":"100000","ratelimit-remaining":"99998","ratelimit-reset":"900","content-type":"application/json; charset=utf-8","content-length":"64","etag":"W/\"40-pHinVBk6fqPMmthv1DDWSDkKrkk\""}},"responseTime":4,"msg":"request completed"}
{"level":"error","time":"2026-10-03T13:35:19.843Z","pid":22771,"hostname":"anonymous","requestId":"75df08fa-03cd-4c03-bab6-5d888f70bcf9","method":"GET","path":"/api/v1/dashboard","message":"InvalidToken","stack":"Error: InvalidToken\n    at authMiddleware (/mnt/d/Dev/learning 2026/fintech/fintech-backend/src/shared/middleware/auth.middleware.ts:43:19)\n    at Layer.handleRequest (/mnt/d/Dev/learning 2026/fintech/fintech-backend/node_modules/router/lib/layer.js:152:17)\n    at next (/mnt/d/Dev/learning 2026/fintech/fintech-backend/node_modules/router/lib/route.js:157:13)\n    at Route.dispatch (/mnt/d/Dev/learning 2026/fintech/fintech-backend/node_modules/router/lib/route.js:117:3)\n    at handle (/mnt/d/Dev/learning 2026/fintech/fintech-backend/node_modules/router/index.js:435:11)\n    at Layer.handleRequest (/mnt/d/Dev/learning 2026/fintech/fintech-backend/node_modules/router/lib/layer.js:152:17)\n    at /mnt/d/Dev/learning 2026/fintech/fintech-backend/node_modules/router/index.js:295:15\n    at processParams (/mnt/d/Dev/learning 2026/fintech/fintech-backend/node_modules/router/index.js:582:12)\n    at next (/mnt/d/Dev/learning 2026/fintech/fintech-backend/node_modules/router/index.js:291:5)\n    at router.handle (/mnt/d/Dev/learning 2026/fintech/fintech-backend/node_modules/router/index.js:186:3)","code":"INVALID_TOKEN","statusCode":401,"msg":"Unhandled error"}
{"level":"info","time":"2026-10-03T13:35:19.844Z","pid":22771,"hostname":"anonymous","req":{"id":3,"method":"GET","url":"/api/v1/dashboard","query":{},"params":{},"headers":{"authorization":"[REDACTED]","host":"127.0.0.1:34507","accept-encoding":"gzip, deflate","connection":"close"},"remoteAddress":"::ffff:127.0.0.1","remotePort":59092},"res":{"statusCode":401,"headers":{"x-powered-by":"Express","x-request-id":"75df08fa-03cd-4c03-bab6-5d888f70bcf9","vary":"Origin","access-control-allow-credentials":"true","ratelimit-policy":"100000;w=900","ratelimit-limit":"100000","ratelimit-remaining":"99997","ratelimit-reset":"900","content-type":"application/json; charset=utf-8","content-length":"65","etag":"W/\"41-J5MQR7t0T7ta/SMtNwFd/IDCXjA\""}},"responseTime":2,"msg":"request completed"}
{"level":"error","time":"2026-10-03T13:35:19.851Z","pid":22771,"hostname":"anonymous","requestId":"2cda15e1-e531-4a7a-a245-5b20f5e23610","method":"GET","path":"/api/v1/dashboard","message":"TokenExpired","stack":"Error: TokenExpired\n    at authMiddleware (/mnt/d/Dev/learning 2026/fintech/fintech-backend/src/shared/middleware/auth.middleware.ts:36:23)\n    at Layer.handleRequest (/mnt/d/Dev/learning 2026/fintech/fintech-backend/node_modules/router/lib/layer.js:152:17)\n    at next (/mnt/d/Dev/learning 2026/fintech/fintech-backend/node_modules/router/lib/route.js:157:13)\n    at Route.dispatch (/mnt/d/Dev/learning 2026/fintech/fintech-backend/node_modules/router/lib/route.js:117:3)\n    at handle (/mnt/d/Dev/learning 2026/fintech/fintech-backend/node_modules/router/index.js:435:11)\n    at Layer.handleRequest (/mnt/d/Dev/learning 2026/fintech/fintech-backend/node_modules/router/lib/layer.js:152:17)\n    at /mnt/d/Dev/learning 2026/fintech/fintech-backend/node_modules/router/index.js:295:15\n    at processParams (/mnt/d/Dev/learning 2026/fintech/fintech-backend/node_modules/router/index.js:582:12)\n    at next (/mnt/d/Dev/learning 2026/fintech/fintech-backend/node_modules/router/index.js:291:5)\n    at router.handle (/mnt/d/Dev/learning 2026/fintech/fintech-backend/node_modules/router/index.js:186:3)","code":"TOKEN_EXPIRED","statusCode":401,"msg":"Unhandled error"}
{"level":"info","time":"2026-10-03T13:35:19.852Z","pid":22771,"hostname":"anonymous","req":{"id":4,"method":"GET","url":"/api/v1/dashboard","query":{},"params":{},"headers":{"authorization":"[REDACTED]","host":"127.0.0.1:34531","accept-encoding":"gzip, deflate","connection":"close"},"remoteAddress":"::ffff:127.0.0.1","remotePort":38796},"res":{"statusCode":401,"headers":{"x-powered-by":"Express","x-request-id":"2cda15e1-e531-4a7a-a245-5b20f5e23610","vary":"Origin","access-control-allow-credentials":"true","ratelimit-policy":"100000;w=900","ratelimit-limit":"100000","ratelimit-remaining":"99996","ratelimit-reset":"900","content-type":"application/json; charset=utf-8","content-length":"65","etag":"W/\"41-qdd9tJmWiPFBpr10ZhIY1GPN2VQ\""}},"responseTime":2,"msg":"request completed"}
{"level":"error","time":"2026-10-03T13:35:19.857Z","pid":22771,"hostname":"anonymous","requestId":"4b8c6962-9b73-4abe-8500-be8228abd4c4","method":"GET","path":"/api/v1/dashboard","message":"SessionNotFound","stack":"Error: SessionNotFound\n    at authMiddleware (/mnt/d/Dev/learning 2026/fintech/fintech-backend/src/shared/middleware/auth.middleware.ts:56:19)\n    at processTicksAndRejections (node:internal/process/task_queues:104:5)","code":"UNAUTHORIZED","statusCode":401,"msg":"Unhandled error"}
{"level":"info","time":"2026-10-03T13:35:19.858Z","pid":22771,"hostname":"anonymous","req":{"id":5,"method":"GET","url":"/api/v1/dashboard","query":{},"params":{},"headers":{"authorization":"[REDACTED]","host":"127.0.0.1:42259","accept-encoding":"gzip, deflate","connection":"close"},"remoteAddress":"::ffff:127.0.0.1","remotePort":33878},"res":{"statusCode":401,"headers":{"x-powered-by":"Express","x-request-id":"4b8c6962-9b73-4abe-8500-be8228abd4c4","vary":"Origin","access-control-allow-credentials":"true","ratelimit-policy":"100000;w=900","ratelimit-limit":"100000","ratelimit-remaining":"99995","ratelimit-reset":"900","content-type":"application/json; charset=utf-8","content-length":"67","etag":"W/\"43-jO6gxwcLAkRrZFu6d4k7/A/j2/M\""}},"responseTime":2,"msg":"request completed"}
{"level":"info","time":"2026-10-03T13:35:19.864Z","pid":22771,"hostname":"anonymous","req":{"id":6,"method":"GET","url":"/api/v1/dashboard","query":{},"params":{},"headers":{"authorization":"[REDACTED]","host":"127.0.0.1:41047","accept-encoding":"gzip, deflate","connection":"close"},"remoteAddress":"::ffff:127.0.0.1","remotePort":57778},"res":{"statusCode":200,"headers":{"x-powered-by":"Express","x-request-id":"c1bb35a6-ca72-4707-9124-f4722d939f16","vary":"Origin","access-control-allow-credentials":"true","ratelimit-policy":"100000;w=900","ratelimit-limit":"100000","ratelimit-remaining":"99994","ratelimit-reset":"900","content-type":"application/json; charset=utf-8","content-length":"986","etag":"W/\"3da-snjR7sxIRW47NzD24ubeLdPKC2Q\""}},"responseTime":2,"msg":"request completed"}
{"level":"info","time":"2026-10-03T13:35:19.918Z","pid":22770,"hostname":"anonymous","req":{"id":1,"method":"POST","url":"/api/v1/auth/register","query":{},"params":{},"headers":{"content-type":"application/json","host":"127.0.0.1:36157","accept-encoding":"gzip, deflate","content-length":"80","connection":"close"},"remoteAddress":"::ffff:127.0.0.1","remotePort":50728},"res":{"statusCode":201,"headers":{"x-powered-by":"Express","x-request-id":"b2f1b405-60ff-4766-b8f4-9ec009efcb16","vary":"Origin","access-control-allow-credentials":"true","ratelimit-policy":"100000;w=900","ratelimit-limit":"100000","ratelimit-remaining":"99999","ratelimit-reset":"900","content-type":"application/json; charset=utf-8","content-length":"109","etag":"W/\"6d-OlJPXAlWaU82u0Dlz3zsQVAMj48\""}},"responseTime":299,"msg":"request completed"}
{"level":"error","time":"2026-10-03T13:35:19.943Z","pid":22770,"hostname":"anonymous","requestId":"ca707374-583a-438b-bbda-99ba97ede52c","method":"GET","path":"/api/v1/auth/verify-email","message":"Invalid request data","stack":"Error: Invalid request data\n    at /mnt/d/Dev/learning 2026/fintech/fintech-backend/src/shared/middleware/requestValidator.middleware.ts:18:19\n    at Layer.handleRequest (/mnt/d/Dev/learning 2026/fintech/fintech-backend/node_modules/router/lib/layer.js:152:17)\n    at next (/mnt/d/Dev/learning 2026/fintech/fintech-backend/node_modules/router/lib/route.js:157:13)\n    at Route.dispatch (/mnt/d/Dev/learning 2026/fintech/fintech-backend/node_modules/router/lib/route.js:117:3)\n    at handle (/mnt/d/Dev/learning 2026/fintech/fintech-backend/node_modules/router/index.js:435:11)\n    at Layer.handleRequest (/mnt/d/Dev/learning 2026/fintech/fintech-backend/node_modules/router/lib/layer.js:152:17)\n    at /mnt/d/Dev/learning 2026/fintech/fintech-backend/node_modules/router/index.js:295:15\n    at processParams (/mnt/d/Dev/learning 2026/fintech/fintech-backend/node_modules/router/index.js:582:12)\n    at next (/mnt/d/Dev/learning 2026/fintech/fintech-backend/node_modules/router/index.js:291:5)\n    at router.handle (/mnt/d/Dev/learning 2026/fintech/fintech-backend/node_modules/router/index.js:186:3)","code":"VALIDATION_ERROR","statusCode":400,"msg":"Unhandled error"}
{"level":"error","time":"2026-10-03T13:35:19.950Z","pid":22770,"hostname":"anonymous","requestId":"6d6920d4-37f4-4eb6-a3ab-39ed3aba36ff","method":"POST","path":"/api/v1/auth/register","message":"Invalid request data","stack":"Error: Invalid request data\n    at /mnt/d/Dev/learning 2026/fintech/fintech-backend/src/shared/middleware/requestValidator.middleware.ts:18:19\n    at Layer.handleRequest (/mnt/d/Dev/learning 2026/fintech/fintech-backend/node_modules/router/lib/layer.js:152:17)\n    at next (/mnt/d/Dev/learning 2026/fintech/fintech-backend/node_modules/router/lib/route.js:157:13)\n    at Route.dispatch (/mnt/d/Dev/learning 2026/fintech/fintech-backend/node_modules/router/lib/route.js:117:3)\n    at handle (/mnt/d/Dev/learning 2026/fintech/fintech-backend/node_modules/router/index.js:435:11)\n    at Layer.handleRequest (/mnt/d/Dev/learning 2026/fintech/fintech-backend/node_modules/router/lib/layer.js:152:17)\n    at /mnt/d/Dev/learning 2026/fintech/fintech-backend/node_modules/router/index.js:295:15\n    at processParams (/mnt/d/Dev/learning 2026/fintech/fintech-backend/node_modules/router/index.js:582:12)\n    at next (/mnt/d/Dev/learning 2026/fintech/fintech-backend/node_modules/router/index.js:291:5)\n    at router.handle (/mnt/d/Dev/learning 2026/fintech/fintech-backend/node_modules/router/index.js:186:3)","code":"VALIDATION_ERROR","statusCode":400,"msg":"Unhandled error"}
{"level":"info","time":"2026-10-03T13:35:19.951Z","pid":22770,"hostname":"anonymous","req":{"id":4,"method":"POST","url":"/api/v1/auth/register","query":{},"params":{},"headers":{"content-type":"application/json","host":"127.0.0.1:37363","accept-encoding":"gzip, deflate","content-length":"69","connection":"close"},"remoteAddress":"::ffff:127.0.0.1","remotePort":33168},"res":{"statusCode":400,"headers":{"x-powered-by":"Express","x-request-id":"6d6920d4-37f4-4eb6-a3ab-39ed3aba36ff","vary":"Origin","access-control-allow-credentials":"true","ratelimit-policy":"100000;w=900","ratelimit-limit":"100000","ratelimit-remaining":"99996","ratelimit-reset":"900","content-type":"application/json; charset=utf-8","content-length":"76","etag":"W/\"4c-Nz9IPtMHWQj+A8+cDQGpJKDZX2M\""}},"responseTime":3,"msg":"request completed"}
{"level":"info","time":"2026-10-03T13:35:20.850Z","pid":22859,"hostname":"anonymous","msg":"Redis connected"}
{"level":"warn","time":"2026-10-03T13:35:22.570Z","pid":22946,"hostname":"anonymous","userId":"user-1","msg":"Wallet not found"}
{"level":"info","time":"2026-10-03T13:35:22.573Z","pid":22946,"hostname":"anonymous","walletId":"wallet-1","userId":"user-1","msg":"Wallet balance cache hit"}
{"level":"info","time":"2026-10-03T13:35:22.575Z","pid":22946,"hostname":"anonymous","walletId":"wallet-1","userId":"user-1","msg":"Wallet balance cache miss"}
{"level":"warn","time":"2026-10-03T13:35:22.580Z","pid":22946,"hostname":"anonymous","userId":"user-1","msg":"Wallet not found"}
{"level":"warn","time":"2026-10-03T13:35:22.582Z","pid":22946,"hostname":"anonymous","userId":"user-1","msg":"User limit not found"}
{"level":"info","time":"2026-10-03T13:35:22.583Z","pid":22946,"hostname":"anonymous","walletId":"wallet-1","page":1,"limit":20,"total":1,"msg":"Ledger retrieved"}
{"level":"info","time":"2026-10-03T13:35:30.011Z","pid":22939,"hostname":"anonymous","msg":"Redis connected"}
{"level":"info","time":"2026-10-03T13:35:33.535Z","pid":23003,"hostname":"anonymous","msg":"Redis connected"}
{"level":"info","time":"2026-10-03T13:35:36.743Z","pid":23049,"hostname":"anonymous","msg":"Redis connected"}
{"level":"info","time":"2026-10-03T13:35:37.655Z","pid":23083,"hostname":"anonymous","msg":"Redis connected"}
{"level":"info","time":"2026-10-03T13:35:41.638Z","pid":23109,"hostname":"anonymous","msg":"Redis connected"}
{"level":"info","time":"2026-10-03T13:35:46.186Z","pid":23175,"hostname":"anonymous","msg":"Redis connected"}

⎯⎯⎯⎯⎯⎯⎯ Failed Tests 2 ⎯⎯⎯⎯⎯⎯⎯

 FAIL  test/unit/auth.register.role.test.ts > AuthService.register > adds ADMIN role when the caller registers as an admin
TypeError: Cannot read properties of undefined (reading 'create')
 ❯ AuthService.register src/modules/auth/services/auth.service.ts:67:30
     65|         const expiresAt = new Date(Date.now() + 5 * 60 * 1000); // 5 m…
     66|
     67|         await prisma.otpCode.create({
       |                              ^
     68|             data: {
     69|                 userId: registration.id,
 ❯ test/unit/auth.register.role.test.ts:54:5

⎯⎯⎯⎯⎯⎯⎯⎯⎯⎯⎯⎯⎯⎯⎯⎯⎯⎯⎯⎯⎯⎯⎯⎯[1/2]⎯

 FAIL  test/integration/transaction/transfer.test.ts > transfer side effects > notifies both parties and drops the cached balances
AssertionError: expected "vi.fn()" to be called 2 times, but got 0 times
 ❯ test/integration/transaction/transfer.test.ts:344:56
    342|         await transfer();
    343|
    344|         expect(notificationService.createNotification).toHaveBeenCalle…
       |                                                        ^
    345|
    346|         const recipients = vi

⎯⎯⎯⎯⎯⎯⎯⎯⎯⎯⎯⎯⎯⎯⎯⎯⎯⎯⎯⎯⎯⎯⎯⎯[2/2]⎯


 Test Files  2 failed | 33 passed (35)
      Tests  2 failed | 164 passed (166)
   Start at  20:34:56
   Duration  49.34s (transform 36.35s, setup 7.72s, import 191.23s, tests 2.79s, environment 5ms)

